Archive member included because of file (symbol)

.\CortexM0\ARM_GCC_484\Debug\BLE Lab 3 Number.a(cyfitter_cfg.o)
                              .\CortexM0\ARM_GCC_484\Debug\Cm0Start.o (cyfitter_cfg)
.\CortexM0\ARM_GCC_484\Debug\BLE Lab 3 Number.a(SW2_Switch.o)
                              .\CortexM0\ARM_GCC_484\Debug\main.o (SW2_Switch_ClearInterrupt)
.\CortexM0\ARM_GCC_484\Debug\BLE Lab 3 Number.a(Wakeup_ISR.o)
                              .\CortexM0\ARM_GCC_484\Debug\main.o (Wakeup_ISR_Start)
.\CortexM0\ARM_GCC_484\Debug\BLE Lab 3 Number.a(Led_Advertising_Green.o)
                              .\CortexM0\ARM_GCC_484\Debug\main.o (Led_Advertising_Green_Write)
.\CortexM0\ARM_GCC_484\Debug\BLE Lab 3 Number.a(Led_Connected_Blue.o)
                              .\CortexM0\ARM_GCC_484\Debug\main.o (Led_Connected_Blue_Write)
.\CortexM0\ARM_GCC_484\Debug\BLE Lab 3 Number.a(BLE_1_hrs.o)
                              .\CortexM0\ARM_GCC_484\Debug\main.o (CyBle_HrsRegisterAttrCallback)
.\CortexM0\ARM_GCC_484\Debug\BLE Lab 3 Number.a(BLE_1.o)
                              .\CortexM0\ARM_GCC_484\Debug\BLE Lab 3 Number.a(BLE_1_hrs.o) (CyBle_ApplCallback)
.\CortexM0\ARM_GCC_484\Debug\BLE Lab 3 Number.a(BLE_1_gatt.o)
                              .\CortexM0\ARM_GCC_484\Debug\main.o (cyBle_state)
.\CortexM0\ARM_GCC_484\Debug\BLE Lab 3 Number.a(BLE_1_eventHandler.o)
                              .\CortexM0\ARM_GCC_484\Debug\main.o (cyBle_connHandle)
.\CortexM0\ARM_GCC_484\Debug\BLE Lab 3 Number.a(BLE_1_dis.o)
                              .\CortexM0\ARM_GCC_484\Debug\BLE Lab 3 Number.a(BLE_1.o) (CyBle_DisInit)
.\CortexM0\ARM_GCC_484\Debug\BLE Lab 3 Number.a(Opamp.o)
                              .\CortexM0\ARM_GCC_484\Debug\main.o (Opamp_Start)
.\CortexM0\ARM_GCC_484\Debug\BLE Lab 3 Number.a(ADC.o)
                              .\CortexM0\ARM_GCC_484\Debug\main.o (ADC_Start)
.\CortexM0\ARM_GCC_484\Debug\BLE Lab 3 Number.a(ADC_PM.o)
                              .\CortexM0\ARM_GCC_484\Debug\main.o (ADC_Sleep)
.\CortexM0\ARM_GCC_484\Debug\BLE Lab 3 Number.a(ADC_INT.o)
                              .\CortexM0\ARM_GCC_484\Debug\BLE Lab 3 Number.a(ADC.o) (ADC_ISR)
.\CortexM0\ARM_GCC_484\Debug\BLE Lab 3 Number.a(CyBootAsmGnu.o)
                              .\CortexM0\ARM_GCC_484\Debug\BLE Lab 3 Number.a(cyfitter_cfg.o) (CyDelayCycles)
.\CortexM0\ARM_GCC_484\Debug\BLE Lab 3 Number.a(CyLib.o)
                              .\CortexM0\ARM_GCC_484\Debug\BLE Lab 3 Number.a(cyfitter_cfg.o) (CyDelayUs)
.\CortexM0\ARM_GCC_484\Debug\BLE Lab 3 Number.a(cyPm.o)
                              .\CortexM0\ARM_GCC_484\Debug\main.o (CySysPmSleep)
.\CortexM0\ARM_GCC_484\Debug\BLE Lab 3 Number.a(PWM.o)
                              .\CortexM0\ARM_GCC_484\Debug\main.o (PWM_Start)
C:\Program Files (x86)\Cypress\PSoC Creator\3.1\PSoC Creator\psoc\content\cycomponentlibrary\CyComponentLibrary.cylib\BLE_v1_20\Library\gccCyBLEStack_BLE_SOC_PERIPHERAL.a(CyBle.o)
                              .\CortexM0\ARM_GCC_484\Debug\main.o (CyBle_EnterLPM)
C:\Program Files (x86)\Cypress\PSoC Creator\3.1\PSoC Creator\psoc\content\cycomponentlibrary\CyComponentLibrary.cylib\BLE_v1_20\Library\gccCyBLEStack_BLE_SOC_PERIPHERAL.a(CyBleStackMgrIP_Interface.o)
                              C:\Program Files (x86)\Cypress\PSoC Creator\3.1\PSoC Creator\psoc\content\cycomponentlibrary\CyComponentLibrary.cylib\BLE_v1_20\Library\gccCyBLEStack_BLE_SOC_PERIPHERAL.a(CyBle.o) (CyBleStackMgr_BleGetConfigData)
C:\Program Files (x86)\Cypress\PSoC Creator\3.1\PSoC Creator\psoc\content\cycomponentlibrary\CyComponentLibrary.cylib\BLE_v1_20\Library\gccCyBLEStack_BLE_SOC_PERIPHERAL.a(BT_os.o)
                              C:\Program Files (x86)\Cypress\PSoC Creator\3.1\PSoC Creator\psoc\content\cycomponentlibrary\CyComponentLibrary.cylib\BLE_v1_20\Library\gccCyBLEStack_BLE_SOC_PERIPHERAL.a(CyBleStackMgrIP_Interface.o) (bt_stack_init_os)
C:\Program Files (x86)\Cypress\PSoC Creator\3.1\PSoC Creator\psoc\content\cycomponentlibrary\CyComponentLibrary.cylib\BLE_v1_20\Library\gccCyBLEStack_BLE_SOC_PERIPHERAL.a(CyBleStackMgr_StackTaskHandler.o)
                              C:\Program Files (x86)\Cypress\PSoC Creator\3.1\PSoC Creator\psoc\content\cycomponentlibrary\CyComponentLibrary.cylib\BLE_v1_20\Library\gccCyBLEStack_BLE_SOC_PERIPHERAL.a(CyBleStackMgrIP_Interface.o) (CyBle_CreateBleStackTask)
C:\Program Files (x86)\Cypress\PSoC Creator\3.1\PSoC Creator\psoc\content\cycomponentlibrary\CyComponentLibrary.cylib\BLE_v1_20\Library\gccCyBLEStack_BLE_SOC_PERIPHERAL.a(transport_sf.o)
                              C:\Program Files (x86)\Cypress\PSoC Creator\3.1\PSoC Creator\psoc\content\cycomponentlibrary\CyComponentLibrary.cylib\BLE_v1_20\Library\gccCyBLEStack_BLE_SOC_PERIPHERAL.a(CyBleStackMgr_StackTaskHandler.o) (hci_soft_transport_notify_data_received)
[...]
Memory Configuration

Name             Origin             Length             Attributes
rom              0x00000000         0x00020000         xr
ram              0x20000000         0x00004000         xrw
*default*        0x00000000         0xffffffff

Linker script and memory map

LOAD c:/program files (x86)/cypress/psoc creator/3.1/psoc creator/import/gnu_cs/arm/4.8.4/bin/../lib/gcc/arm-none-eabi/4.8.4/armv6-m/crti.o
LOAD c:/program files (x86)/cypress/psoc creator/3.1/psoc creator/import/gnu_cs/arm/4.8.4/bin/../lib/gcc/arm-none-eabi/4.8.4/armv6-m/crtbegin.o
LOAD c:/program files (x86)/cypress/psoc creator/3.1/psoc creator/import/gnu_cs/arm/4.8.4/bin/../lib/gcc/arm-none-eabi/4.8.4/../../../../arm-none-eabi/lib/armv6-m/crt0.o
START GROUP
LOAD .\CortexM0\ARM_GCC_484\Debug\main.o
LOAD .\CortexM0\ARM_GCC_484\Debug\HeartRateProcessing.o
LOAD .\CortexM0\ARM_GCC_484\Debug\BleProcessing.o
LOAD .\CortexM0\ARM_GCC_484\Debug\WatchdogTimer.o
LOAD .\CortexM0\ARM_GCC_484\Debug\cymetadata.o
LOAD .\CortexM0\ARM_GCC_484\Debug\Cm0Start.o
LOAD .\CortexM0\ARM_GCC_484\Debug\BLE Lab 3 Number.a
LOAD C:\Program Files (x86)\Cypress\PSoC Creator\3.1\PSoC Creator\psoc\content\cycomponentlibrary\CyComponentLibrary.cylib\BLE_v1_20\Library\gccCyBLEStack_BLE_SOC_PERIPHERAL.a
LOAD C:\Program Files (x86)\Cypress\PSoC Creator\3.1\PSoC Creator\psoc\content\cycomponentlibrary\CyComponentLibrary.cylib\CortexM0\ARM_GCC_484\Debug\CyComponentLibrary.a
END GROUP
START GROUP
LOAD c:/program files (x86)/cypress/psoc creator/3.1/psoc creator/import/gnu_cs/arm/4.8.4/bin/../lib/gcc/arm-none-eabi/4.8.4/armv6-m\libgcc.a
LOAD c:/program files (x86)/cypress/psoc creator/3.1/psoc creator/import/gnu_cs/arm/4.8.4/bin/../lib/gcc/arm-none-eabi/4.8.4/../../../../arm-none-eabi/lib/armv6-m\libg_s.a
LOAD c:/program files (x86)/cypress/psoc creator/3.1/psoc creator/import/gnu_cs/arm/4.8.4/bin/../lib/gcc/arm-none-eabi/4.8.4/../../../../arm-none-eabi/lib/armv6-m\libc_s.a
END GROUP
START GROUP
LOAD c:/program files (x86)/cypress/psoc creator/3.1/psoc creator/import/gnu_cs/arm/4.8.4/bin/../lib/gcc/arm-none-eabi/4.8.4/armv6-m\libgcc.a
LOAD c:/program files (x86)/cypress/psoc creator/3.1/psoc creator/import/gnu_cs/arm/4.8.4/bin/../lib/gcc/arm-none-eabi/4.8.4/../../../../arm-none-eabi/lib/armv6-m\libc_s.a
END GROUP
LOAD c:/program files (x86)/cypress/psoc creator/3.1/psoc creator/import/gnu_cs/arm/4.8.4/bin/../lib/gcc/arm-none-eabi/4.8.4/armv6-m/crtend.o
LOAD c:/program files (x86)/cypress/psoc creator/3.1/psoc creator/import/gnu_cs/arm/4.8.4/bin/../lib/gcc/arm-none-eabi/4.8.4/armv6-m/crtn.o
START GROUP
LOAD c:/program files (x86)/cypress/psoc creator/3.1/psoc creator/import/gnu_cs/arm/4.8.4/bin/../lib/gcc/arm-none-eabi/4.8.4/armv6-m\libgcc.a
LOAD c:/program files (x86)/cypress/psoc creator/3.1/psoc creator/import/gnu_cs/arm/4.8.4/bin/../lib/gcc/arm-none-eabi/4.8.4/../../../../arm-none-eabi/lib/armv6-m\libc.a
LOAD c:/program files (x86)/cypress/psoc creator/3.1/psoc creator/import/gnu_cs/arm/4.8.4/bin/../lib/gcc/arm-none-eabi/4.8.4/../../../../arm-none-eabi/lib/armv6-m\libnosys.a
END GROUP
                0x00000000                CY_APPL_ORIGIN = 0x0
                0x00000080                CY_FLASH_ROW_SIZE = 0x80
                0x00000001                CY_APPL_NUM = 0x1
                0x00000040                CY_METADATA_SIZE = 0x40
                0x20002538                PROVIDE (__cy_heap_start, _end)
                0x00000001                PROVIDE (__cy_region_num, ((__cy_regions_end - __cy_regions) / 0x10))
                0x20004000                PROVIDE (__cy_stack, (ORIGIN (ram) + 0x4000))
                0x20003c00                PROVIDE (__cy_heap_end, (__cy_stack - 0x400))

.cybootloader   0x00000000        0x0
 *(.cybootloader)
                0x00000000                appl1_start = CY_APPL_ORIGIN?CY_APPL_ORIGIN:ALIGN (CY_FLASH_ROW_SIZE)
                0x0000ff80                appl2_start = (appl1_start + ALIGN ((((0x20000 - appl1_start) - (0x2 * CY_FLASH_ROW_SIZE)) / 0x2), CY_FLASH_ROW_SIZE))
                0x00000000                appl_start = (CY_APPL_NUM == 0x1)?appl1_start:appl2_start

.text           0x00000000     0x24fc
 CREATE_OBJECT_SYMBOLS
                0x00000000                PROVIDE (__cy_interrupt_vector, RomVectors)
 *(.romvectors)
 .romvectors    0x00000000       0x10 .\CortexM0\ARM_GCC_484\Debug\Cm0Start.o
                0x00000000                RomVectors
                0x00000001                ASSERT ((. != __cy_interrupt_vector), No interrupt vector)
                0x00000001                ASSERT (CY_APPL_ORIGIN?(SIZEOF (.cybootloader) <= CY_APPL_ORIGIN):0x1, Wrong image location)
                0x00000010                PROVIDE (__cy_reset, Reset)
 *(.text.Reset)
 .text.Reset    0x00000010        0x8 .\CortexM0\ARM_GCC_484\Debug\Cm0Start.o
                0x00000010                Reset
                0x00000001                ASSERT ((. != __cy_reset), No reset code)
 *(.psocinit)
 .psocinit      0x00000018      0x318 .\CortexM0\ARM_GCC_484\Debug\BLE Lab 3 Number.a(cyfitter_cfg.o)
                0x000001b8                cyfitter_cfg
                0x00000330                . = MAX (., 0x100)
 *(.text .text.* .gnu.linkonce.t.*)
 .text          0x00000330       0x60 c:/program files (x86)/cypress/psoc creator/3.1/psoc creator/import/gnu_cs/arm/4.8.4/bin/../lib/gcc/arm-none-eabi/4.8.4/armv6-m/crtbegin.o
 .text.InitializeSystem
                0x00000390       0x3c .\CortexM0\ARM_GCC_484\Debug\main.o
 .text.main     0x000003cc      0x12c .\CortexM0\ARM_GCC_484\Debug\main.o
                0x000003cc                main
 .text.ProcessHeartRateSignal
                0x000004f8       0xb0 .\CortexM0\ARM_GCC_484\Debug\HeartRateProcessing.o
                0x000004f8                ProcessHeartRateSignal
 .text.SendHeartRateOverBLE
                0x000005a8       0x58 .\CortexM0\ARM_GCC_484\Debug\BleProcessing.o
                0x000005a8                SendHeartRateOverBLE
 .text.HrsEventHandler
                0x00000600       0x38 .\CortexM0\ARM_GCC_484\Debug\BleProcessing.o
                0x00000600                HrsEventHandler
 .text.GeneralEventHandler
                0x00000638       0xac .\CortexM0\ARM_GCC_484\Debug\BleProcessing.o
                0x00000638                GeneralEventHandler
 .text.WatchdogTimer_Isr
                0x000006e4       0x20 .\CortexM0\ARM_GCC_484\Debug\WatchdogTimer.o
                0x000006e4                WatchdogTimer_Isr
 .text.WatchdogTimer_Start
                0x00000704       0x48 .\CortexM0\ARM_GCC_484\Debug\WatchdogTimer.o
                0x00000704                WatchdogTimer_Start
 .text.WatchdogTimer_GetTimestamp
                0x0000074c       0x14 .\CortexM0\ARM_GCC_484\Debug\WatchdogTimer.o
                0x0000074c                WatchdogTimer_GetTimestamp
 .text.IntDefaultHandler
                0x00000760        0x8 .\CortexM0\ARM_GCC_484\Debug\Cm0Start.o
                0x00000760                IntDefaultHandler
 .text.Start_c  0x00000768       0x98 .\CortexM0\ARM_GCC_484\Debug\Cm0Start.o
                0x00000768                Start_c
 .text.initialize_psoc
                0x00000800       0x70 .\CortexM0\ARM_GCC_484\Debug\Cm0Start.o
                0x00000800                initialize_psoc
 .text.CYMEMZERO
                0x00000870       0x20 .\CortexM0\ARM_GCC_484\Debug\BLE Lab 3 Number.a(cyfitter_cfg.o)
 .text.cfg_write_bytes32
                0x00000890       0x80 .\CortexM0\ARM_GCC_484\Debug\BLE Lab 3 Number.a(cyfitter_cfg.o)
 .text.AnalogSetDefault
                0x00000910       0x64 .\CortexM0\ARM_GCC_484\Debug\BLE Lab 3 Number.a(cyfitter_cfg.o)
 .text.SetAnalogRoutingPumps
                0x00000974       0x40 .\CortexM0\ARM_GCC_484\Debug\BLE Lab 3 Number.a(cyfitter_cfg.o)
                0x00000974                SetAnalogRoutingPumps
 .text.SW2_Switch_ClearInterrupt
                0x000009b4       0x30 .\CortexM0\ARM_GCC_484\Debug\BLE Lab 3 Number.a(SW2_Switch.o)
                0x000009b4                SW2_Switch_ClearInterrupt
 .text.Wakeup_ISR_Start
                0x000009e4       0x24 .\CortexM0\ARM_GCC_484\Debug\BLE Lab 3 Number.a(Wakeup_ISR.o)
                0x000009e4                Wakeup_ISR_Start
 .text.Wakeup_ISR_Interrupt
                0x00000a08        0x8 .\CortexM0\ARM_GCC_484\Debug\BLE Lab 3 Number.a(Wakeup_ISR.o)
                0x00000a08                Wakeup_ISR_Interrupt
 .text.Wakeup_ISR_SetVector
                0x00000a10       0x18 .\CortexM0\ARM_GCC_484\Debug\BLE Lab 3 Number.a(Wakeup_ISR.o)
                0x00000a10                Wakeup_ISR_SetVector
 .text.Wakeup_ISR_SetPriority
                0x00000a28       0x50 .\CortexM0\ARM_GCC_484\Debug\BLE Lab 3 Number.a(Wakeup_ISR.o)
                0x00000a28                Wakeup_ISR_SetPriority
 .text.Wakeup_ISR_Enable
                0x00000a78       0x14 .\CortexM0\ARM_GCC_484\Debug\BLE Lab 3 Number.a(Wakeup_ISR.o)
                0x00000a78                Wakeup_ISR_Enable
 .text.Wakeup_ISR_Disable
                0x00000a8c       0x14 .\CortexM0\ARM_GCC_484\Debug\BLE Lab 3 Number.a(Wakeup_ISR.o)
                0x00000a8c                Wakeup_ISR_Disable
 .text.Led_Advertising_Green_Write
                0x00000aa0       0x4c .\CortexM0\ARM_GCC_484\Debug\BLE Lab 3 Number.a(Led_Advertising_Green.o)
                0x00000aa0                Led_Advertising_Green_Write
 .text.Led_Advertising_Green_SetDriveMode
                0x00000aec       0x30 .\CortexM0\ARM_GCC_484\Debug\BLE Lab 3 Number.a(Led_Advertising_Green.o)
                0x00000aec                Led_Advertising_Green_SetDriveMode
 .text.Led_Connected_Blue_Write
                0x00000b1c       0x48 .\CortexM0\ARM_GCC_484\Debug\BLE Lab 3 Number.a(Led_Connected_Blue.o)
                0x00000b1c                Led_Connected_Blue_Write
 .text.Led_Connected_Blue_SetDriveMode
                0x00000b64       0x30 .\CortexM0\ARM_GCC_484\Debug\BLE Lab 3 Number.a(Led_Connected_Blue.o)
                0x00000b64                Led_Connected_Blue_SetDriveMode
 .text.CyBle_HrsInit
                0x00000b94        0x8 .\CortexM0\ARM_GCC_484\Debug\BLE Lab 3 Number.a(BLE_1_hrs.o)
                0x00000b94                CyBle_HrsInit
 .text.CyBle_HrsRegisterAttrCallback
                0x00000b9c       0x18 .\CortexM0\ARM_GCC_484\Debug\BLE Lab 3 Number.a(BLE_1_hrs.o)
                0x00000b9c                CyBle_HrsRegisterAttrCallback
 .text.CyBle_HrssGetCharacteristicValue
                0x00000bb4       0x9c .\CortexM0\ARM_GCC_484\Debug\BLE Lab 3 Number.a(BLE_1_hrs.o)
                0x00000bb4                CyBle_HrssGetCharacteristicValue
 .text.CyBle_HrssSendNotification
                0x00000c50       0xd8 .\CortexM0\ARM_GCC_484\Debug\BLE Lab 3 Number.a(BLE_1_hrs.o)
                0x00000c50                CyBle_HrssSendNotification
 .text.CyBle_HrssWriteEventHandler
                0x00000d28      0x118 .\CortexM0\ARM_GCC_484\Debug\BLE Lab 3 Number.a(BLE_1_hrs.o)
                0x00000d28                CyBle_HrssWriteEventHandler
 .text.CyBle_Init
                0x00000e40       0x2c .\CortexM0\ARM_GCC_484\Debug\BLE Lab 3 Number.a(BLE_1.o)
                0x00000e40                CyBle_Init
 .text.CyBle_ServiceInit
                0x00000e6c       0x10 .\CortexM0\ARM_GCC_484\Debug\BLE Lab 3 Number.a(BLE_1.o)
                0x00000e6c                CyBle_ServiceInit
 .text.CyBle_Start
                0x00000e7c       0x90 .\CortexM0\ARM_GCC_484\Debug\BLE Lab 3 Number.a(BLE_1.o)
                0x00000e7c                CyBle_Start
 .text.CyBle_Stop
                0x00000f0c       0x1c .\CortexM0\ARM_GCC_484\Debug\BLE Lab 3 Number.a(BLE_1.o)
                0x00000f0c                CyBle_Stop
 .text.CyBle_GappStartAdvertisement
                0x00000f28       0xc4 .\CortexM0\ARM_GCC_484\Debug\BLE Lab 3 Number.a(BLE_1.o)
                0x00000f28                CyBle_GappStartAdvertisement
 .text.CyBle_ChangeAdDeviceAddress
                0x00000fec       0x60 .\CortexM0\ARM_GCC_484\Debug\BLE Lab 3 Number.a(BLE_1.o)
                0x00000fec                CyBle_ChangeAdDeviceAddress
 .text.CyBle_Get16ByPtr
                0x0000104c       0x24 .\CortexM0\ARM_GCC_484\Debug\BLE Lab 3 Number.a(BLE_1.o)
                0x0000104c                CyBle_Get16ByPtr
 .text.CyBle_GattsWriteEventHandler
                0x00001070       0xa0 .\CortexM0\ARM_GCC_484\Debug\BLE Lab 3 Number.a(BLE_1_gatt.o)
                0x00001070                CyBle_GattsWriteEventHandler
 .text.CyBle_WriteReqHandler
                0x00001110       0x98 .\CortexM0\ARM_GCC_484\Debug\BLE Lab 3 Number.a(BLE_1_eventHandler.o)
 .text.CyBle_ValueConfirmation
                0x000011a8       0x10 .\CortexM0\ARM_GCC_484\Debug\BLE Lab 3 Number.a(BLE_1_eventHandler.o)
 .text.CyBle_GattDisconnectEventHandler
                0x000011b8       0x18 .\CortexM0\ARM_GCC_484\Debug\BLE Lab 3 Number.a(BLE_1_eventHandler.o)
 .text.CyBle_TimeOutEventHandler
                0x000011d0       0x10 .\CortexM0\ARM_GCC_484\Debug\BLE Lab 3 Number.a(BLE_1_eventHandler.o)
 .text.CyBle_GattConnectReqHandler
                0x000011e0        0x8 .\CortexM0\ARM_GCC_484\Debug\BLE Lab 3 Number.a(BLE_1_eventHandler.o)
 .text.CyBle_IsDeviceAddressValid
                0x000011e8       0x60 .\CortexM0\ARM_GCC_484\Debug\BLE Lab 3 Number.a(BLE_1_eventHandler.o)
 .text.CyBle_L2Cap_ConnParamUpdateRspEventHandler
                0x00001248       0x14 .\CortexM0\ARM_GCC_484\Debug\BLE Lab 3 Number.a(BLE_1_eventHandler.o)
 .text.CyBle_GapConnUpdateCompleteEventHandler
                0x0000125c       0x10 .\CortexM0\ARM_GCC_484\Debug\BLE Lab 3 Number.a(BLE_1_eventHandler.o)
 .text.CyBle_EventHandler
                0x0000126c      0x2bc .\CortexM0\ARM_GCC_484\Debug\BLE Lab 3 Number.a(BLE_1_eventHandler.o)
                0x0000126c                CyBle_EventHandler
 .text.CyBle_DisInit
                0x00001528        0x8 .\CortexM0\ARM_GCC_484\Debug\BLE Lab 3 Number.a(BLE_1_dis.o)
                0x00001528                CyBle_DisInit
 .text.Opamp_Init
                0x00001530       0x34 .\CortexM0\ARM_GCC_484\Debug\BLE Lab 3 Number.a(Opamp.o)
                0x00001530                Opamp_Init
 .text.Opamp_Enable
                0x00001564       0x24 .\CortexM0\ARM_GCC_484\Debug\BLE Lab 3 Number.a(Opamp.o)
                0x00001564                Opamp_Enable
 .text.Opamp_Start
                0x00001588       0x24 .\CortexM0\ARM_GCC_484\Debug\BLE Lab 3 Number.a(Opamp.o)
                0x00001588                Opamp_Start
 .text.ADC_Start
                0x000015ac       0x24 .\CortexM0\ARM_GCC_484\Debug\BLE Lab 3 Number.a(ADC.o)
                0x000015ac                ADC_Start
 .text.ADC_Init
                0x000015d0      0x1c4 .\CortexM0\ARM_GCC_484\Debug\BLE Lab 3 Number.a(ADC.o)
                0x000015d0                ADC_Init
 .text.ADC_Enable
                0x00001794       0x38 .\CortexM0\ARM_GCC_484\Debug\BLE Lab 3 Number.a(ADC.o)
                0x00001794                ADC_Enable
 .text.ADC_Stop
                0x000017cc       0x18 .\CortexM0\ARM_GCC_484\Debug\BLE Lab 3 Number.a(ADC.o)
                0x000017cc                ADC_Stop
 .text.ADC_StartConvert
                0x000017e4       0x14 .\CortexM0\ARM_GCC_484\Debug\BLE Lab 3 Number.a(ADC.o)
                0x000017e4                ADC_StartConvert
 .text.ADC_StopConvert
                0x000017f8        0x8 .\CortexM0\ARM_GCC_484\Debug\BLE Lab 3 Number.a(ADC.o)
                0x000017f8                ADC_StopConvert
 .text.ADC_IsEndConversion
                0x00001800       0x48 .\CortexM0\ARM_GCC_484\Debug\BLE Lab 3 Number.a(ADC.o)
                0x00001800                ADC_IsEndConversion
 .text.ADC_GetResult16
                0x00001848       0x44 .\CortexM0\ARM_GCC_484\Debug\BLE Lab 3 Number.a(ADC.o)
                0x00001848                ADC_GetResult16
 .text.ADC_Sleep
                0x0000188c       0x84 .\CortexM0\ARM_GCC_484\Debug\BLE Lab 3 Number.a(ADC_PM.o)
                0x0000188c                ADC_Sleep
 .text.ADC_Wakeup
                0x00001910       0x58 .\CortexM0\ARM_GCC_484\Debug\BLE Lab 3 Number.a(ADC_PM.o)
                0x00001910                ADC_Wakeup
 .text.ADC_ISR  0x00001968       0x1c .\CortexM0\ARM_GCC_484\Debug\BLE Lab 3 Number.a(ADC_INT.o)
                0x00001968                ADC_ISR
 *fill*         0x00001984        0x4 
 .text          0x00001988       0x20 .\CortexM0\ARM_GCC_484\Debug\BLE Lab 3 Number.a(CyBootAsmGnu.o)
                0x00001988                CyDelayCycles
                0x0000199a                CyEnterCriticalSection
                0x000019a2                CyExitCriticalSection
 .text.CySysClkWcoSetHighPowerMode
                0x000019a8       0x3c .\CortexM0\ARM_GCC_484\Debug\BLE Lab 3 Number.a(CyLib.o)
 .text.CySysClkWcoSetLowPowerMode
                0x000019e4       0x48 .\CortexM0\ARM_GCC_484\Debug\BLE Lab 3 Number.a(CyLib.o)
 .text.CySysClkEcoStart
                0x00001a2c       0x74 .\CortexM0\ARM_GCC_484\Debug\BLE Lab 3 Number.a(CyLib.o)
                0x00001a2c                CySysClkEcoStart
 .text.CySysClkEcoReadStatus
                0x00001aa0       0x18 .\CortexM0\ARM_GCC_484\Debug\BLE Lab 3 Number.a(CyLib.o)
                0x00001aa0                CySysClkEcoReadStatus
 .text.CySysClkWcoStart
                0x00001ab8       0x20 .\CortexM0\ARM_GCC_484\Debug\BLE Lab 3 Number.a(CyLib.o)
                0x00001ab8                CySysClkWcoStart
 .text.CySysClkWcoSetPowerMode
                0x00001ad8       0x40 .\CortexM0\ARM_GCC_484\Debug\BLE Lab 3 Number.a(CyLib.o)
                0x00001ad8                CySysClkWcoSetPowerMode
 .text.CySysWdtLock
                0x00001b18       0x34 .\CortexM0\ARM_GCC_484\Debug\BLE Lab 3 Number.a(CyLib.o)
                0x00001b18                CySysWdtLock
 .text.CySysWdtLocked
                0x00001b4c       0x20 .\CortexM0\ARM_GCC_484\Debug\BLE Lab 3 Number.a(CyLib.o)
 .text.CySysWdtUnlock
                0x00001b6c       0x4c .\CortexM0\ARM_GCC_484\Debug\BLE Lab 3 Number.a(CyLib.o)
                0x00001b6c                CySysWdtUnlock
 .text.CySysWdtReadEnabledStatus
                0x00001bb8       0x30 .\CortexM0\ARM_GCC_484\Debug\BLE Lab 3 Number.a(CyLib.o)
                0x00001bb8                CySysWdtReadEnabledStatus
 .text.CySysWdtWriteMode
                0x00001be8       0x60 .\CortexM0\ARM_GCC_484\Debug\BLE Lab 3 Number.a(CyLib.o)
                0x00001be8                CySysWdtWriteMode
 .text.CySysWdtWriteClearOnMatch
                0x00001c48       0x70 .\CortexM0\ARM_GCC_484\Debug\BLE Lab 3 Number.a(CyLib.o)
                0x00001c48                CySysWdtWriteClearOnMatch
 .text.CySysWdtEnable
                0x00001cb8       0x64 .\CortexM0\ARM_GCC_484\Debug\BLE Lab 3 Number.a(CyLib.o)
                0x00001cb8                CySysWdtEnable
 .text.CySysWdtWriteMatch
                0x00001d1c       0x90 .\CortexM0\ARM_GCC_484\Debug\BLE Lab 3 Number.a(CyLib.o)
                0x00001d1c                CySysWdtWriteMatch
 .text.CySysWdtClearInterrupt
                0x00001dac       0x6c .\CortexM0\ARM_GCC_484\Debug\BLE Lab 3 Number.a(CyLib.o)
                0x00001dac                CySysWdtClearInterrupt
 .text.CyIntSetVector
                0x00001e18       0x4c .\CortexM0\ARM_GCC_484\Debug\BLE Lab 3 Number.a(CyLib.o)
                0x00001e18                CyIntSetVector
 .text.CyIntSetPriority
                0x00001e64       0xa8 .\CortexM0\ARM_GCC_484\Debug\BLE Lab 3 Number.a(CyLib.o)
                0x00001e64                CyIntSetPriority
 .text.CyIntEnable
                0x00001f0c       0x2c .\CortexM0\ARM_GCC_484\Debug\BLE Lab 3 Number.a(CyLib.o)
                0x00001f0c                CyIntEnable
 .text.CyHalt   0x00001f38       0x14 .\CortexM0\ARM_GCC_484\Debug\BLE Lab 3 Number.a(CyLib.o)
                0x00001f38                CyHalt
 .text.CyDelay  0x00001f4c       0x48 .\CortexM0\ARM_GCC_484\Debug\BLE Lab 3 Number.a(CyLib.o)
                0x00001f4c                CyDelay
 .text.CyDelayUs
                0x00001f94       0x28 .\CortexM0\ARM_GCC_484\Debug\BLE Lab 3 Number.a(CyLib.o)
                0x00001f94                CyDelayUs
 .text.CySysPmSleep
                0x00001fbc       0x34 .\CortexM0\ARM_GCC_484\Debug\BLE Lab 3 Number.a(cyPm.o)
                0x00001fbc                CySysPmSleep
 .text.CySysPmHibernate
                0x00001ff0       0x6c .\CortexM0\ARM_GCC_484\Debug\BLE Lab 3 Number.a(cyPm.o)
                0x00001ff0                CySysPmHibernate
 .text.PWM_Init
                0x0000205c       0x50 .\CortexM0\ARM_GCC_484\Debug\BLE Lab 3 Number.a(PWM.o)
                0x0000205c                PWM_Init
 .text.PWM_Enable
                0x000020ac       0x38 .\CortexM0\ARM_GCC_484\Debug\BLE Lab 3 Number.a(PWM.o)
                0x000020ac                PWM_Enable
 .text.PWM_Start
                0x000020e4       0x24 .\CortexM0\ARM_GCC_484\Debug\BLE Lab 3 Number.a(PWM.o)
                0x000020e4                PWM_Start
 .text.PWM_WriteCounter
                0x00002108       0x1c .\CortexM0\ARM_GCC_484\Debug\BLE Lab 3 Number.a(PWM.o)
                0x00002108                PWM_WriteCounter
 .text.PWM_WritePeriod
                0x00002124       0x1c .\CortexM0\ARM_GCC_484\Debug\BLE Lab 3 Number.a(PWM.o)
                0x00002124                PWM_WritePeriod
 .text.PWM_WriteCompare
                0x00002140       0x1c .\CortexM0\ARM_GCC_484\Debug\BLE Lab 3 Number.a(PWM.o)
                0x00002140                PWM_WriteCompare
 .text.PWM_TriggerCommand
                0x0000215c       0x3c .\CortexM0\ARM_GCC_484\Debug\BLE Lab 3 Number.a(PWM.o)
                0x0000215c                PWM_TriggerCommand
 .text.PWM_SetInterruptMode
                0x00002198       0x18 .\CortexM0\ARM_GCC_484\Debug\BLE Lab 3 Number.a(PWM.o)
                0x00002198                PWM_SetInterruptMode
 .text.CyBLE_Bless_LlRegWrite
                0x000021b0       0x1c .\CortexM0\ARM_GCC_484\Debug\BLE Lab 3 Number.a(BLE_1_HAL_PVT.o)
                0x000021b0                CyBLE_Bless_LlRegWrite
 .text.CyBLE_Bless_RfRegWrite
                0x000021cc       0x1c .\CortexM0\ARM_GCC_484\Debug\BLE Lab 3 Number.a(BLE_1_HAL_PVT.o)
                0x000021cc                CyBLE_Bless_RfRegWrite
 .text.CyBleHal_DelayUs
                0x000021e8       0x1c .\CortexM0\ARM_GCC_484\Debug\BLE Lab 3 Number.a(BLE_1_HAL_PVT.o)
                0x000021e8                CyBleHal_DelayUs
 .text.CyBleHal_EnableGlobalInterrupts
                0x00002204        0xc .\CortexM0\ARM_GCC_484\Debug\BLE Lab 3 Number.a(BLE_1_HAL_PVT.o)
                0x00002204                CyBleHal_EnableGlobalInterrupts
 .text.CyBleHal_DisableGlobalInterrupts
                0x00002210        0xc .\CortexM0\ARM_GCC_484\Debug\BLE Lab 3 Number.a(BLE_1_HAL_PVT.o)
                0x00002210                CyBleHal_DisableGlobalInterrupts
 .text.CyBle_HalInit
                0x0000221c       0x20 .\CortexM0\ARM_GCC_484\Debug\BLE Lab 3 Number.a(BLE_1_HAL_PVT.o)
                0x0000221c                CyBle_HalInit
 .text.CYBLE_BlessStart
                0x0000223c       0x14 .\CortexM0\ARM_GCC_484\Debug\BLE Lab 3 Number.a(BLE_1_HAL_PVT.o)
                0x0000223c                CYBLE_BlessStart
 .text.BLE_1_bless_isr_StartEx
                0x00002250       0x24 .\CortexM0\ARM_GCC_484\Debug\BLE Lab 3 Number.a(BLE_1_bless_isr.o)
                0x00002250                BLE_1_bless_isr_StartEx
 .text.BLE_1_bless_isr_SetVector
                0x00002274       0x18 .\CortexM0\ARM_GCC_484\Debug\BLE Lab 3 Number.a(BLE_1_bless_isr.o)
                0x00002274                BLE_1_bless_isr_SetVector
 .text.BLE_1_bless_isr_SetPriority
                0x0000228c       0x50 .\CortexM0\ARM_GCC_484\Debug\BLE Lab 3 Number.a(BLE_1_bless_isr.o)
                0x0000228c                BLE_1_bless_isr_SetPriority
 .text.BLE_1_bless_isr_Enable
                0x000022dc       0x14 .\CortexM0\ARM_GCC_484\Debug\BLE Lab 3 Number.a(BLE_1_bless_isr.o)
                0x000022dc                BLE_1_bless_isr_Enable
 .text.BLE_1_bless_isr_Disable
                0x000022f0       0x14 .\CortexM0\ARM_GCC_484\Debug\BLE Lab 3 Number.a(BLE_1_bless_isr.o)
                0x000022f0                BLE_1_bless_isr_Disable
 .text.CyBLE_Bless_Interrupt
                0x00002304        0xc .\CortexM0\ARM_GCC_484\Debug\BLE Lab 3 Number.a(BLE_1_HAL_INT.o)
                0x00002304                CyBLE_Bless_Interrupt
 .text          0x00002310       0x9c c:/program files (x86)/cypress/psoc creator/3.1/psoc creator/import/gnu_cs/arm/4.8.4/bin/../lib/gcc/arm-none-eabi/4.8.4/armv6-m\libgcc.a(_udivsi3.o)
                0x00002310                __aeabi_uidiv
                0x00002310                __udivsi3
                0x00002398                __aeabi_uidivmod
 .text          0x000023ac       0xc0 c:/program files (x86)/cypress/psoc creator/3.1/psoc creator/import/gnu_cs/arm/4.8.4/bin/../lib/gcc/arm-none-eabi/4.8.4/armv6-m\libgcc.a(_divsi3.o)
                0x000023ac                __divsi3
                0x000023ac                __aeabi_idiv
                0x00002458                __aeabi_idivmod
 .text          0x0000246c        0x4 c:/program files (x86)/cypress/psoc creator/3.1/psoc creator/import/gnu_cs/arm/4.8.4/bin/../lib/gcc/arm-none-eabi/4.8.4/armv6-m\libgcc.a(_dvmd_tls.o)
                0x0000246c                __aeabi_idiv0
                0x0000246c                __aeabi_ldiv0
 .text.__libc_init_array
                0x00002470       0x4c c:/program files (x86)/cypress/psoc creator/3.1/psoc creator/import/gnu_cs/arm/4.8.4/bin/../lib/gcc/arm-none-eabi/4.8.4/../../../../arm-none-eabi/lib/armv6-m\libg_s.a(lib_a-init.o)
                0x00002470                __libc_init_array
 .text.memcmp   0x000024bc       0x1e c:/program files (x86)/cypress/psoc creator/3.1/psoc creator/import/gnu_cs/arm/4.8.4/bin/../lib/gcc/arm-none-eabi/4.8.4/../../../../arm-none-eabi/lib/armv6-m\libg_s.a(lib_a-memcmp.o)
                0x000024bc                memcmp
 .text.memcpy   0x000024da       0x12 c:/program files (x86)/cypress/psoc creator/3.1/psoc creator/import/gnu_cs/arm/4.8.4/bin/../lib/gcc/arm-none-eabi/4.8.4/../../../../arm-none-eabi/lib/armv6-m\libg_s.a(lib_a-memcpy-stub.o)
                0x000024da                memcpy
 .text.memset   0x000024ec       0x10 c:/program files (x86)/cypress/psoc creator/3.1/psoc creator/import/gnu_cs/arm/4.8.4/bin/../lib/gcc/arm-none-eabi/4.8.4/../../../../arm-none-eabi/lib/armv6-m\libg_s.a(lib_a-memset.o)
                0x000024ec                memset
 *(.plt)
 *(.gnu.warning)
 *(.glue_7t)
 .glue_7t       0x00000000        0x0 linker stubs
 *(.glue_7)
 .glue_7        0x00000000        0x0 linker stubs
 *(.vfp11_veneer)
 .vfp11_veneer  0x00000000        0x0 linker stubs
 *(.bootloader)
 *(.ARM.extab* .gnu.linkonce.armextab.*)
 *(.gcc_except_table)

.v4_bx          0x000024fc        0x0
 .v4_bx         0x00000000        0x0 linker stubs

.iplt           0x000024fc        0x0
 .iplt          0x00000000        0x0 c:/program files (x86)/cypress/psoc creator/3.1/psoc creator/import/gnu_cs/arm/4.8.4/bin/../lib/gcc/arm-none-eabi/4.8.4/armv6-m/crtbegin.o

i.CyBle_EnterLPM
                0x000024fc        0x8
 i.CyBle_EnterLPM
                0x000024fc        0x8 C:\Program Files (x86)\Cypress\PSoC Creator\3.1\PSoC Creator\psoc\content\cycomponentlibrary\CyComponentLibrary.cylib\BLE_v1_20\Library\gccCyBLEStack_BLE_SOC_PERIPHERAL.a(CyBle.o)
                0x000024fc                CyBle_EnterLPM

i.CyBle_ExitLPM
                0x00002504        0x8
 i.CyBle_ExitLPM
                0x00002504        0x8 C:\Program Files (x86)\Cypress\PSoC Creator\3.1\PSoC Creator\psoc\content\cycomponentlibrary\CyComponentLibrary.cylib\BLE_v1_20\Library\gccCyBLEStack_BLE_SOC_PERIPHERAL.a(CyBle.o)
                0x00002504                CyBle_ExitLPM

i.CyBle_ProcessEvents
                0x0000250c        0x8
 i.CyBle_ProcessEvents
                0x0000250c        0x8 C:\Program Files (x86)\Cypress\PSoC Creator\3.1\PSoC Creator\psoc\content\cycomponentlibrary\CyComponentLibrary.cylib\BLE_v1_20\Library\gccCyBLEStack_BLE_SOC_PERIPHERAL.a(CyBle.o)
                0x0000250c                CyBle_ProcessEvents

i.CyBle_SetDeviceAddress
                0x00002514       0x24
 i.CyBle_SetDeviceAddress
                0x00002514       0x24 C:\Program Files (x86)\Cypress\PSoC Creator\3.1\PSoC Creator\psoc\content\cycomponentlibrary\CyComponentLibrary.cylib\BLE_v1_20\Library\gccCyBLEStack_BLE_SOC_PERIPHERAL.a(CyBle.o)
                0x00002514                CyBle_SetDeviceAddress

i.CyBle_Shutdown
                0x00002538       0x28
 i.CyBle_Shutdown
                0x00002538       0x28 C:\Program Files (x86)\Cypress\PSoC Creator\3.1\PSoC Creator\psoc\content\cycomponentlibrary\CyComponentLibrary.cylib\BLE_v1_20\Library\gccCyBLEStack_BLE_SOC_PERIPHERAL.a(CyBle.o)
                0x00002538                CyBle_Shutdown

i.CyBle_StackInit
                0x00002560       0x84
 i.CyBle_StackInit
                0x00002560       0x84 C:\Program Files (x86)\Cypress\PSoC Creator\3.1\PSoC Creator\psoc\content\cycomponentlibrary\CyComponentLibrary.cylib\BLE_v1_20\Library\gccCyBLEStack_BLE_SOC_PERIPHERAL.a(CyBle.o)
                0x00002560                CyBle_StackInit

i.CyBleStackMgr_BleGetConfigData
                0x000025e4        0x4
 i.CyBleStackMgr_BleGetConfigData
                0x000025e4        0x4 C:\Program Files (x86)\Cypress\PSoC Creator\3.1\PSoC Creator\psoc\content\cycomponentlibrary\CyComponentLibrary.cylib\BLE_v1_20\Library\gccCyBLEStack_BLE_SOC_PERIPHERAL.a(CyBleStackMgrIP_Interface.o)
                0x000025e4                CyBleStackMgr_BleGetConfigData

i.CyBleStackMgr_BleSetConfigData
                0x000025e8        0x4
 i.CyBleStackMgr_BleSetConfigData
                0x000025e8        0x4 C:\Program Files (x86)\Cypress\PSoC Creator\3.1\PSoC Creator\psoc\content\cycomponentlibrary\CyComponentLibrary.cylib\BLE_v1_20\Library\gccCyBLEStack_BLE_SOC_PERIPHERAL.a(CyBleStackMgrIP_Interface.o)
                0x000025e8                CyBleStackMgr_BleSetConfigData

i.CyBleStackMgr_Init
                0x000025ec      0x104
 i.CyBleStackMgr_Init
                0x000025ec      0x104 C:\Program Files (x86)\Cypress\PSoC Creator\3.1\PSoC Creator\psoc\content\cycomponentlibrary\CyComponentLibrary.cylib\BLE_v1_20\Library\gccCyBLEStack_BLE_SOC_PERIPHERAL.a(CyBleStackMgrIP_Interface.o)
                0x000025ec                CyBleStackMgr_Init

i.CyBleStackMgr_ProcessBleEvents
                0x000026f0       0x14
 i.CyBleStackMgr_ProcessBleEvents
                0x000026f0       0x14 C:\Program Files (x86)\Cypress\PSoC Creator\3.1\PSoC Creator\psoc\content\cycomponentlibrary\CyComponentLibrary.cylib\BLE_v1_20\Library\gccCyBLEStack_BLE_SOC_PERIPHERAL.a(CyBleStackMgrIP_Interface.o)
                0x000026f0                CyBleStackMgr_ProcessBleEvents

i.CyBleStackMgr_Reset
                0x00002704       0x16
 i.CyBleStackMgr_Reset
                0x00002704       0x16 C:\Program Files (x86)\Cypress\PSoC Creator\3.1\PSoC Creator\psoc\content\cycomponentlibrary\CyComponentLibrary.cylib\BLE_v1_20\Library\gccCyBLEStack_BLE_SOC_PERIPHERAL.a(CyBleStackMgrIP_Interface.o)
                0x00002704                CyBleStackMgr_Reset

i.CyBleStackMgr_Shutdown
                0x0000271c       0x18
 i.CyBleStackMgr_Shutdown
                0x0000271c       0x18 C:\Program Files (x86)\Cypress\PSoC Creator\3.1\PSoC Creator\psoc\content\cycomponentlibrary\CyComponentLibrary.cylib\BLE_v1_20\Library\gccCyBLEStack_BLE_SOC_PERIPHERAL.a(CyBleStackMgrIP_Interface.o)
                0x0000271c                CyBleStackMgr_Shutdown

i.ble_stack_idle_task_callback
                0x00002734        0x2
 i.ble_stack_idle_task_callback
                0x00002734        0x2 C:\Program Files (x86)\Cypress\PSoC Creator\3.1\PSoC Creator\psoc\content\cycomponentlibrary\CyComponentLibrary.cylib\BLE_v1_20\Library\gccCyBLEStack_BLE_SOC_PERIPHERAL.a(CyBleStackMgrIP_Interface.o)
                0x00002734                ble_stack_idle_task_callback

i.BT_OSFreeBuf  0x00002738       0x18
 i.BT_OSFreeBuf
                0x00002738       0x18 C:\Program Files (x86)\Cypress\PSoC Creator\3.1\PSoC Creator\psoc\content\cycomponentlibrary\CyComponentLibrary.cylib\BLE_v1_20\Library\gccCyBLEStack_BLE_SOC_PERIPHERAL.a(BT_os.o)
                0x00002738                BT_OSFreeBuf

i.BT_OSGetBuF   0x00002750       0x1c
 i.BT_OSGetBuF  0x00002750       0x1c C:\Program Files (x86)\Cypress\PSoC Creator\3.1\PSoC Creator\psoc\content\cycomponentlibrary\CyComponentLibrary.cylib\BLE_v1_20\Library\gccCyBLEStack_BLE_SOC_PERIPHERAL.a(BT_os.o)
                0x00002750                BT_OSGetBuF

i.BT_OSMemCreate
                0x0000276c       0x1c
 i.BT_OSMemCreate
                0x0000276c       0x1c C:\Program Files (x86)\Cypress\PSoC Creator\3.1\PSoC Creator\psoc\content\cycomponentlibrary\CyComponentLibrary.cylib\BLE_v1_20\Library\gccCyBLEStack_BLE_SOC_PERIPHERAL.a(BT_os.o)
                0x0000276c                BT_OSMemCreate

i.BT_alloc_mem_ext
                0x00002788       0x34
 i.BT_alloc_mem_ext
                0x00002788       0x34 C:\Program Files (x86)\Cypress\PSoC Creator\3.1\PSoC Creator\psoc\content\cycomponentlibrary\CyComponentLibrary.cylib\BLE_v1_20\Library\gccCyBLEStack_BLE_SOC_PERIPHERAL.a(BT_os.o)
                0x00002788                BT_alloc_mem_ext

i.BT_free_mem   0x000027bc        0xc
 i.BT_free_mem  0x000027bc        0xc C:\Program Files (x86)\Cypress\PSoC Creator\3.1\PSoC Creator\psoc\content\cycomponentlibrary\CyComponentLibrary.cylib\BLE_v1_20\Library\gccCyBLEStack_BLE_SOC_PERIPHERAL.a(BT_os.o)
                0x000027bc                BT_free_mem

i.bt_stack_init_os
                0x000027c8       0x34
 i.bt_stack_init_os
                0x000027c8       0x34 C:\Program Files (x86)\Cypress\PSoC Creator\3.1\PSoC Creator\psoc\content\cycomponentlibrary\CyComponentLibrary.cylib\BLE_v1_20\Library\gccCyBLEStack_BLE_SOC_PERIPHERAL.a(BT_os.o)
                0x000027c8                bt_stack_init_os

i.CyBle_CheckBleStackTaskStatus
                0x000027fc        0x4
 i.CyBle_CheckBleStackTaskStatus
                0x000027fc        0x4 C:\Program Files (x86)\Cypress\PSoC Creator\3.1\PSoC Creator\psoc\content\cycomponentlibrary\CyComponentLibrary.cylib\BLE_v1_20\Library\gccCyBLEStack_BLE_SOC_PERIPHERAL.a(CyBleStackMgr_StackTaskHandler.o)
                0x000027fc                CyBle_CheckBleStackTaskStatus

i.CyBle_CreateBleStackTask
                0x00002800       0x2c
 i.CyBle_CreateBleStackTask
                0x00002800       0x2c C:\Program Files (x86)\Cypress\PSoC Creator\3.1\PSoC Creator\psoc\content\cycomponentlibrary\CyComponentLibrary.cylib\BLE_v1_20\Library\gccCyBLEStack_BLE_SOC_PERIPHERAL.a(CyBleStackMgr_StackTaskHandler.o)
                0x00002800                CyBle_CreateBleStackTask

i.CyBle_SignalBleStackTask
                0x0000282c       0x50
 i.CyBle_SignalBleStackTask
                0x0000282c       0x50 C:\Program Files (x86)\Cypress\PSoC Creator\3.1\PSoC Creator\psoc\content\cycomponentlibrary\CyComponentLibrary.cylib\BLE_v1_20\Library\gccCyBLEStack_BLE_SOC_PERIPHERAL.a(CyBleStackMgr_StackTaskHandler.o)
                0x0000282c                CyBle_SignalBleStackTask

i.CyBle_StackTaskHandler
                0x0000287c       0x5c
 i.CyBle_StackTaskHandler
                0x0000287c       0x5c C:\Program Files (x86)\Cypress\PSoC Creator\3.1\PSoC Creator\psoc\content\cycomponentlibrary\CyComponentLibrary.cylib\BLE_v1_20\Library\gccCyBLEStack_BLE_SOC_PERIPHERAL.a(CyBleStackMgr_StackTaskHandler.o)
                0x0000287c                CyBle_StackTaskHandler

i.__ARM_common_switch8
                0x000028d8       0x1a
 i.__ARM_common_switch8
                0x000028d8       0x1a C:\Program Files (x86)\Cypress\PSoC Creator\3.1\PSoC Creator\psoc\content\cycomponentlibrary\CyComponentLibrary.cylib\BLE_v1_20\Library\gccCyBLEStack_BLE_SOC_PERIPHERAL.a(CyBleStackMgr_StackTaskHandler.o)
                0x000028d8                __ARM_common_switch8

i.hci_soft_transport_notify_data_received
                0x000028f4        0xc
 i.hci_soft_transport_notify_data_received
                0x000028f4        0xc C:\Program Files (x86)\Cypress\PSoC Creator\3.1\PSoC Creator\psoc\content\cycomponentlibrary\CyComponentLibrary.cylib\BLE_v1_20\Library\gccCyBLEStack_BLE_SOC_PERIPHERAL.a(transport_sf.o)
                0x000028f4                hci_soft_transport_notify_data_received

i.hci_soft_transport_rx_data
                0x00002900       0x40
 i.hci_soft_transport_rx_data
                0x00002900       0x40 C:\Program Files (x86)\Cypress\PSoC Creator\3.1\PSoC Creator\psoc\content\cycomponentlibrary\CyComponentLibrary.cylib\BLE_v1_20\Library\gccCyBLEStack_BLE_SOC_PERIPHERAL.a(transport_sf.o)
                0x00002900                hci_soft_transport_rx_data

i.hci_transport_bt_init
                0x00002940        0x2
 i.hci_transport_bt_init
                0x00002940        0x2 C:\Program Files (x86)\Cypress\PSoC Creator\3.1\PSoC Creator\psoc\content\cycomponentlibrary\CyComponentLibrary.cylib\BLE_v1_20\Library\gccCyBLEStack_BLE_SOC_PERIPHERAL.a(transport_sf.o)
                0x00002940                hci_transport_bt_init

i.hci_transport_bt_shutdown
                0x00002942        0x2
 i.hci_transport_bt_shutdown
                0x00002942        0x2 C:\Program Files (x86)\Cypress\PSoC Creator\3.1\PSoC Creator\psoc\content\cycomponentlibrary\CyComponentLibrary.cylib\BLE_v1_20\Library\gccCyBLEStack_BLE_SOC_PERIPHERAL.a(transport_sf.o)
                0x00002942                hci_transport_bt_shutdown

i.hci_transport_init
                0x00002944       0x10
 i.hci_transport_init
                0x00002944       0x10 C:\Program Files (x86)\Cypress\PSoC Creator\3.1\PSoC Creator\psoc\content\cycomponentlibrary\CyComponentLibrary.cylib\BLE_v1_20\Library\gccCyBLEStack_BLE_SOC_PERIPHERAL.a(transport_sf.o)
                0x00002944                hci_transport_init

i.hci_transport_write_data
                0x00002954       0xd4
 i.hci_transport_write_data
                0x00002954       0xd4 C:\Program Files (x86)\Cypress\PSoC Creator\3.1\PSoC Creator\psoc\content\cycomponentlibrary\CyComponentLibrary.cylib\BLE_v1_20\Library\gccCyBLEStack_BLE_SOC_PERIPHERAL.a(transport_sf.o)
                0x00002954                hci_transport_write_data

i.pf_hci_soft_transport_write
                0x00002a28       0x44
 i.pf_hci_soft_transport_write
                0x00002a28       0x44 C:\Program Files (x86)\Cypress\PSoC Creator\3.1\PSoC Creator\psoc\content\cycomponentlibrary\CyComponentLibrary.cylib\BLE_v1_20\Library\gccCyBLEStack_BLE_SOC_PERIPHERAL.a(transport_sf.o)
                0x00002a28                pf_hci_soft_transport_write

i.pf_soft_hci_transport_init
                0x00002a6c        0xc
 i.pf_soft_hci_transport_init
                0x00002a6c        0xc C:\Program Files (x86)\Cypress\PSoC Creator\3.1\PSoC Creator\psoc\content\cycomponentlibrary\CyComponentLibrary.cylib\BLE_v1_20\Library\gccCyBLEStack_BLE_SOC_PERIPHERAL.a(transport_sf.o)
                0x00002a6c                pf_soft_hci_transport_init

i.CyBleStackMgr_GetTime
                0x00002a78       0x14
 i.CyBleStackMgr_GetTime
                0x00002a78       0x14 C:\Program Files (x86)\Cypress\PSoC Creator\3.1\PSoC Creator\psoc\content\cycomponentlibrary\CyComponentLibrary.cylib\BLE_v1_20\Library\gccCyBLEStack_BLE_SOC_PERIPHERAL.a(CyBleStackMgr_PSoCHal.o)
                0x00002a78                CyBleStackMgr_GetTime

i.CyBleStackMgr_HalInit
                0x00002a8c       0x24
 i.CyBleStackMgr_HalInit
                0x00002a8c       0x24 C:\Program Files (x86)\Cypress\PSoC Creator\3.1\PSoC Creator\psoc\content\cycomponentlibrary\CyComponentLibrary.cylib\BLE_v1_20\Library\gccCyBLEStack_BLE_SOC_PERIPHERAL.a(CyBleStackMgr_PSoCHal.o)
                0x00002a8c                CyBleStackMgr_HalInit

i.CyBleStackMgr_HalIntrEnable
                0x00002ab0        0x8
 i.CyBleStackMgr_HalIntrEnable
                0x00002ab0        0x8 C:\Program Files (x86)\Cypress\PSoC Creator\3.1\PSoC Creator\psoc\content\cycomponentlibrary\CyComponentLibrary.cylib\BLE_v1_20\Library\gccCyBLEStack_BLE_SOC_PERIPHERAL.a(CyBleStackMgr_PSoCHal.o)
                0x00002ab0                CyBleStackMgr_HalIntrEnable

i.CyBleStackMgr_HalReset
                0x00002ab8        0x4
 i.CyBleStackMgr_HalReset
                0x00002ab8        0x4 C:\Program Files (x86)\Cypress\PSoC Creator\3.1\PSoC Creator\psoc\content\cycomponentlibrary\CyComponentLibrary.cylib\BLE_v1_20\Library\gccCyBLEStack_BLE_SOC_PERIPHERAL.a(CyBleStackMgr_PSoCHal.o)
                0x00002ab8                CyBleStackMgr_HalReset

i.CyBleStackMgr_HandleLinkLayerTick
                0x00002abc       0x5c
 i.CyBleStackMgr_HandleLinkLayerTick
                0x00002abc       0x5c C:\Program Files (x86)\Cypress\PSoC Creator\3.1\PSoC Creator\psoc\content\cycomponentlibrary\CyComponentLibrary.cylib\BLE_v1_20\Library\gccCyBLEStack_BLE_SOC_PERIPHERAL.a(CyBleStackMgr_PSoCHal.o)
                0x00002abc                CyBleStackMgr_HandleLinkLayerTick

i.CyBleStackMgr_HciPortInit
                0x00002b18        0xc
 i.CyBleStackMgr_HciPortInit
                0x00002b18        0xc C:\Program Files (x86)\Cypress\PSoC Creator\3.1\PSoC Creator\psoc\content\cycomponentlibrary\CyComponentLibrary.cylib\BLE_v1_20\Library\gccCyBLEStack_BLE_SOC_PERIPHERAL.a(CyBleStackMgr_PSoCHal.o)
                0x00002b18                CyBleStackMgr_HciPortInit

i.CyBleStackMgr_HciPortReset
                0x00002b24        0x2
 i.CyBleStackMgr_HciPortReset
                0x00002b24        0x2 C:\Program Files (x86)\Cypress\PSoC Creator\3.1\PSoC Creator\psoc\content\cycomponentlibrary\CyComponentLibrary.cylib\BLE_v1_20\Library\gccCyBLEStack_BLE_SOC_PERIPHERAL.a(CyBleStackMgr_PSoCHal.o)
                0x00002b24                CyBleStackMgr_HciPortReset

i.CyBleStackMgr_HciPortWrite
                0x00002b26        0x8
 i.CyBleStackMgr_HciPortWrite
                0x00002b26        0x8 C:\Program Files (x86)\Cypress\PSoC Creator\3.1\PSoC Creator\psoc\content\cycomponentlibrary\CyComponentLibrary.cylib\BLE_v1_20\Library\gccCyBLEStack_BLE_SOC_PERIPHERAL.a(CyBleStackMgr_PSoCHal.o)
                0x00002b26                CyBleStackMgr_HciPortWrite

i.CyBleStackMgr_ResetLinkLayerTimerEntity
                0x00002b30       0x14
 i.CyBleStackMgr_ResetLinkLayerTimerEntity
                0x00002b30       0x14 C:\Program Files (x86)\Cypress\PSoC Creator\3.1\PSoC Creator\psoc\content\cycomponentlibrary\CyComponentLibrary.cylib\BLE_v1_20\Library\gccCyBLEStack_BLE_SOC_PERIPHERAL.a(CyBleStackMgr_PSoCHal.o)
                0x00002b30                CyBleStackMgr_ResetLinkLayerTimerEntity

i.CyBleStackMgr_TimerStart
                0x00002b44       0x2c
 i.CyBleStackMgr_TimerStart
                0x00002b44       0x2c C:\Program Files (x86)\Cypress\PSoC Creator\3.1\PSoC Creator\psoc\content\cycomponentlibrary\CyComponentLibrary.cylib\BLE_v1_20\Library\gccCyBLEStack_BLE_SOC_PERIPHERAL.a(CyBleStackMgr_PSoCHal.o)
                0x00002b44                CyBleStackMgr_TimerStart

i.CyBleStackMgr_TimerStop
                0x00002b70       0x18
 i.CyBleStackMgr_TimerStop
                0x00002b70       0x18 C:\Program Files (x86)\Cypress\PSoC Creator\3.1\PSoC Creator\psoc\content\cycomponentlibrary\CyComponentLibrary.cylib\BLE_v1_20\Library\gccCyBLEStack_BLE_SOC_PERIPHERAL.a(CyBleStackMgr_PSoCHal.o)
                0x00002b70                CyBleStackMgr_TimerStop

i.CyBleStackMgr_isTimerRunning
                0x00002b88       0x10
 i.CyBleStackMgr_isTimerRunning
                0x00002b88       0x10 C:\Program Files (x86)\Cypress\PSoC Creator\3.1\PSoC Creator\psoc\content\cycomponentlibrary\CyComponentLibrary.cylib\BLE_v1_20\Library\gccCyBLEStack_BLE_SOC_PERIPHERAL.a(CyBleStackMgr_PSoCHal.o)
                0x00002b88                CyBleStackMgr_isTimerRunning

i.CyBleAtlantisRadioInit
                0x00002b98      0x1ac
 i.CyBleAtlantisRadioInit
                0x00002b98      0x1ac C:\Program Files (x86)\Cypress\PSoC Creator\3.1\PSoC Creator\psoc\content\cycomponentlibrary\CyComponentLibrary.cylib\BLE_v1_20\Library\gccCyBLEStack_BLE_SOC_PERIPHERAL.a(CyBleStackMgr_BleSSDriver.o)

i.CyBleStackMgr_BleSSFifoRead
                0x00002d44       0x38
 i.CyBleStackMgr_BleSSFifoRead
                0x00002d44       0x38 C:\Program Files (x86)\Cypress\PSoC Creator\3.1\PSoC Creator\psoc\content\cycomponentlibrary\CyComponentLibrary.cylib\BLE_v1_20\Library\gccCyBLEStack_BLE_SOC_PERIPHERAL.a(CyBleStackMgr_BleSSDriver.o)
                0x00002d44                CyBleStackMgr_BleSSFifoRead

i.CyBleStackMgr_BleSSFifoWrite
                0x00002d7c       0x30
 i.CyBleStackMgr_BleSSFifoWrite
                0x00002d7c       0x30 C:\Program Files (x86)\Cypress\PSoC Creator\3.1\PSoC Creator\psoc\content\cycomponentlibrary\CyComponentLibrary.cylib\BLE_v1_20\Library\gccCyBLEStack_BLE_SOC_PERIPHERAL.a(CyBleStackMgr_BleSSDriver.o)
                0x00002d7c                CyBleStackMgr_BleSSFifoWrite

i.CyBleStackMgr_BleSSInit
                0x00002dac       0x50
 i.CyBleStackMgr_BleSSInit
                0x00002dac       0x50 C:\Program Files (x86)\Cypress\PSoC Creator\3.1\PSoC Creator\psoc\content\cycomponentlibrary\CyComponentLibrary.cylib\BLE_v1_20\Library\gccCyBLEStack_BLE_SOC_PERIPHERAL.a(CyBleStackMgr_BleSSDriver.o)
                0x00002dac                CyBleStackMgr_BleSSInit

i.CyBleStackMgr_BleSSMemRead
                0x00002dfc       0x26
 i.CyBleStackMgr_BleSSMemRead
                0x00002dfc       0x26 C:\Program Files (x86)\Cypress\PSoC Creator\3.1\PSoC Creator\psoc\content\cycomponentlibrary\CyComponentLibrary.cylib\BLE_v1_20\Library\gccCyBLEStack_BLE_SOC_PERIPHERAL.a(CyBleStackMgr_BleSSDriver.o)
                0x00002dfc                CyBleStackMgr_BleSSMemRead

i.CyBleStackMgr_BleSSMemWrite
                0x00002e24       0x34
 i.CyBleStackMgr_BleSSMemWrite
                0x00002e24       0x34 C:\Program Files (x86)\Cypress\PSoC Creator\3.1\PSoC Creator\psoc\content\cycomponentlibrary\CyComponentLibrary.cylib\BLE_v1_20\Library\gccCyBLEStack_BLE_SOC_PERIPHERAL.a(CyBleStackMgr_BleSSDriver.o)
                0x00002e24                CyBleStackMgr_BleSSMemWrite

i.CyBleStackMgr_BleSSRegRead
                0x00002e58        0xc
 i.CyBleStackMgr_BleSSRegRead
                0x00002e58        0xc C:\Program Files (x86)\Cypress\PSoC Creator\3.1\PSoC Creator\psoc\content\cycomponentlibrary\CyComponentLibrary.cylib\BLE_v1_20\Library\gccCyBLEStack_BLE_SOC_PERIPHERAL.a(CyBleStackMgr_BleSSDriver.o)
                0x00002e58                CyBleStackMgr_BleSSRegRead

i.CyBleStackMgr_BleSSRegWrite
                0x00002e64        0xc
 i.CyBleStackMgr_BleSSRegWrite
                0x00002e64        0xc C:\Program Files (x86)\Cypress\PSoC Creator\3.1\PSoC Creator\psoc\content\cycomponentlibrary\CyComponentLibrary.cylib\BLE_v1_20\Library\gccCyBLEStack_BLE_SOC_PERIPHERAL.a(CyBleStackMgr_BleSSDriver.o)
                0x00002e64                CyBleStackMgr_BleSSRegWrite

i.CyBleStackMgr_BleSSReset
                0x00002e70       0x38
 i.CyBleStackMgr_BleSSReset
                0x00002e70       0x38 C:\Program Files (x86)\Cypress\PSoC Creator\3.1\PSoC Creator\psoc\content\cycomponentlibrary\CyComponentLibrary.cylib\BLE_v1_20\Library\gccCyBLEStack_BLE_SOC_PERIPHERAL.a(CyBleStackMgr_BleSSDriver.o)
                0x00002e70                CyBleStackMgr_BleSSReset

i.CyBleStackMgr_BleSSShutdown
                0x00002ea8       0x24
 i.CyBleStackMgr_BleSSShutdown
                0x00002ea8       0x24 C:\Program Files (x86)\Cypress\PSoC Creator\3.1\PSoC Creator\psoc\content\cycomponentlibrary\CyComponentLibrary.cylib\BLE_v1_20\Library\gccCyBLEStack_BLE_SOC_PERIPHERAL.a(CyBleStackMgr_BleSSDriver.o)
                0x00002ea8                CyBleStackMgr_BleSSShutdown

i.CyBleStackMgr_GenericIface
                0x00002ecc       0x3c
 i.CyBleStackMgr_GenericIface
                0x00002ecc       0x3c C:\Program Files (x86)\Cypress\PSoC Creator\3.1\PSoC Creator\psoc\content\cycomponentlibrary\CyComponentLibrary.cylib\BLE_v1_20\Library\gccCyBLEStack_BLE_SOC_PERIPHERAL.a(CyBleStackMgr_BleSSDriver.o)
                0x00002ecc                CyBleStackMgr_GenericIface

i.CyBleStackMgr_HandleBleSSIntr
                0x00002f08       0x90
 i.CyBleStackMgr_HandleBleSSIntr
                0x00002f08       0x90 C:\Program Files (x86)\Cypress\PSoC Creator\3.1\PSoC Creator\psoc\content\cycomponentlibrary\CyComponentLibrary.cylib\BLE_v1_20\Library\gccCyBLEStack_BLE_SOC_PERIPHERAL.a(CyBleStackMgr_BleSSDriver.o)
                0x00002f08                CyBleStackMgr_HandleBleSSIntr

i.CyBleStackMgr_SetClockParam
                0x00002f98       0xb4
 i.CyBleStackMgr_SetClockParam
                0x00002f98       0xb4 C:\Program Files (x86)\Cypress\PSoC Creator\3.1\PSoC Creator\psoc\content\cycomponentlibrary\CyComponentLibrary.cylib\BLE_v1_20\Library\gccCyBLEStack_BLE_SOC_PERIPHERAL.a(CyBleStackMgr_BleSSDriver.o)

i.CyBleStackMgr_isXtalCpuClkSource
                0x0000304c       0x18
 i.CyBleStackMgr_isXtalCpuClkSource
                0x0000304c       0x18 C:\Program Files (x86)\Cypress\PSoC Creator\3.1\PSoC Creator\psoc\content\cycomponentlibrary\CyComponentLibrary.cylib\BLE_v1_20\Library\gccCyBLEStack_BLE_SOC_PERIPHERAL.a(CyBleStackMgr_BleSSDriver.o)
                0x0000304c                CyBleStackMgr_isXtalCpuClkSource

i.CyBle_EnterDsmMode
                0x00003064       0x3c
 i.CyBle_EnterDsmMode
                0x00003064       0x3c C:\Program Files (x86)\Cypress\PSoC Creator\3.1\PSoC Creator\psoc\content\cycomponentlibrary\CyComponentLibrary.cylib\BLE_v1_20\Library\gccCyBLEStack_BLE_SOC_PERIPHERAL.a(CyBleStackMgr_BleSSDriver.o)
                0x00003064                CyBle_EnterDsmMode

i.CyBle_ExitDsmMode
                0x000030a0       0x2c
 i.CyBle_ExitDsmMode
                0x000030a0       0x2c C:\Program Files (x86)\Cypress\PSoC Creator\3.1\PSoC Creator\psoc\content\cycomponentlibrary\CyComponentLibrary.cylib\BLE_v1_20\Library\gccCyBLEStack_BLE_SOC_PERIPHERAL.a(CyBleStackMgr_BleSSDriver.o)
                0x000030a0                CyBle_ExitDsmMode

i.CyBle_GetBleSsOperationalMode
                0x000030cc        0xc
 i.CyBle_GetBleSsOperationalMode
                0x000030cc        0xc C:\Program Files (x86)\Cypress\PSoC Creator\3.1\PSoC Creator\psoc\content\cycomponentlibrary\CyComponentLibrary.cylib\BLE_v1_20\Library\gccCyBLEStack_BLE_SOC_PERIPHERAL.a(CyBleStackMgr_BleSSDriver.o)
                0x000030cc                CyBle_GetBleSsOperationalMode

i.CyBle_GetEventCloseState
                0x000030d8       0x10
 i.CyBle_GetEventCloseState
                0x000030d8       0x10 C:\Program Files (x86)\Cypress\PSoC Creator\3.1\PSoC Creator\psoc\content\cycomponentlibrary\CyComponentLibrary.cylib\BLE_v1_20\Library\gccCyBLEStack_BLE_SOC_PERIPHERAL.a(CyBleStackMgr_BleSSDriver.o)
                0x000030d8                CyBle_GetEventCloseState

i.CyBle_GetLpMode
                0x000030e8       0x26
 i.CyBle_GetLpMode
                0x000030e8       0x26 C:\Program Files (x86)\Cypress\PSoC Creator\3.1\PSoC Creator\psoc\content\cycomponentlibrary\CyComponentLibrary.cylib\BLE_v1_20\Library\gccCyBLEStack_BLE_SOC_PERIPHERAL.a(CyBleStackMgr_BleSSDriver.o)
                0x000030e8                CyBle_GetLpMode

i.CyBle_GetTxGainMode
                0x00003110       0x2c
 i.CyBle_GetTxGainMode
                0x00003110       0x2c C:\Program Files (x86)\Cypress\PSoC Creator\3.1\PSoC Creator\psoc\content\cycomponentlibrary\CyComponentLibrary.cylib\BLE_v1_20\Library\gccCyBLEStack_BLE_SOC_PERIPHERAL.a(CyBleStackMgr_BleSSDriver.o)
                0x00003110                CyBle_GetTxGainMode

i.CyBle_SetAutoWakeUp
                0x0000313c        0xc
 i.CyBle_SetAutoWakeUp
                0x0000313c        0xc C:\Program Files (x86)\Cypress\PSoC Creator\3.1\PSoC Creator\psoc\content\cycomponentlibrary\CyComponentLibrary.cylib\BLE_v1_20\Library\gccCyBLEStack_BLE_SOC_PERIPHERAL.a(CyBleStackMgr_BleSSDriver.o)
                0x0000313c                CyBle_SetAutoWakeUp

i.CyBle_SetBleSsOperationalMode
                0x00003148       0x20
 i.CyBle_SetBleSsOperationalMode
                0x00003148       0x20 C:\Program Files (x86)\Cypress\PSoC Creator\3.1\PSoC Creator\psoc\content\cycomponentlibrary\CyComponentLibrary.cylib\BLE_v1_20\Library\gccCyBLEStack_BLE_SOC_PERIPHERAL.a(CyBleStackMgr_BleSSDriver.o)
                0x00003148                CyBle_SetBleSsOperationalMode

i.CyBle_SetEventCloseState
                0x00003168        0xc
 i.CyBle_SetEventCloseState
                0x00003168        0xc C:\Program Files (x86)\Cypress\PSoC Creator\3.1\PSoC Creator\psoc\content\cycomponentlibrary\CyComponentLibrary.cylib\BLE_v1_20\Library\gccCyBLEStack_BLE_SOC_PERIPHERAL.a(CyBleStackMgr_BleSSDriver.o)
                0x00003168                CyBle_SetEventCloseState

i.CyBle_SetRxGainMode
                0x00003174       0x20
 i.CyBle_SetRxGainMode
                0x00003174       0x20 C:\Program Files (x86)\Cypress\PSoC Creator\3.1\PSoC Creator\psoc\content\cycomponentlibrary\CyComponentLibrary.cylib\BLE_v1_20\Library\gccCyBLEStack_BLE_SOC_PERIPHERAL.a(CyBleStackMgr_BleSSDriver.o)
                0x00003174                CyBle_SetRxGainMode

i.CyBle_SetTxGainMode
                0x00003194       0x38
 i.CyBle_SetTxGainMode
                0x00003194       0x38 C:\Program Files (x86)\Cypress\PSoC Creator\3.1\PSoC Creator\psoc\content\cycomponentlibrary\CyComponentLibrary.cylib\BLE_v1_20\Library\gccCyBLEStack_BLE_SOC_PERIPHERAL.a(CyBleStackMgr_BleSSDriver.o)
                0x00003194                CyBle_SetTxGainMode

i.pf_rf_get_abs_rssi
                0x000031cc       0x24
 i.pf_rf_get_abs_rssi
                0x000031cc       0x24 C:\Program Files (x86)\Cypress\PSoC Creator\3.1\PSoC Creator\psoc\content\cycomponentlibrary\CyComponentLibrary.cylib\BLE_v1_20\Library\gccCyBLEStack_BLE_SOC_PERIPHERAL.a(CyBleStackMgr_BleSSDriver.o)
                0x000031cc                pf_rf_get_abs_rssi

i.OS_init       0x000031f0       0x64
 i.OS_init      0x000031f0       0x64 C:\Program Files (x86)\Cypress\PSoC Creator\3.1\PSoC Creator\psoc\content\cycomponentlibrary\CyComponentLibrary.cylib\BLE_v1_20\Library\gccCyBLEStack_BLE_SOC_PERIPHERAL.a(mint_os.o)
                0x000031f0                OS_init

i.OS_shutdown   0x00003254        0x4
 i.OS_shutdown  0x00003254        0x4 C:\Program Files (x86)\Cypress\PSoC Creator\3.1\PSoC Creator\psoc\content\cycomponentlibrary\CyComponentLibrary.cylib\BLE_v1_20\Library\gccCyBLEStack_BLE_SOC_PERIPHERAL.a(mint_os.o)
                0x00003254                OS_shutdown

i.mintos_malloc
                0x00003258       0x34
 i.mintos_malloc
                0x00003258       0x34 C:\Program Files (x86)\Cypress\PSoC Creator\3.1\PSoC Creator\psoc\content\cycomponentlibrary\CyComponentLibrary.cylib\BLE_v1_20\Library\gccCyBLEStack_BLE_SOC_PERIPHERAL.a(mint_os.o)
                0x00003258                mintos_malloc

i.OS_create_queue
                0x0000328c       0x64
 i.OS_create_queue
                0x0000328c       0x64 C:\Program Files (x86)\Cypress\PSoC Creator\3.1\PSoC Creator\psoc\content\cycomponentlibrary\CyComponentLibrary.cylib\BLE_v1_20\Library\gccCyBLEStack_BLE_SOC_PERIPHERAL.a(mint_os_queue.o)
                0x0000328c                OS_create_queue

i.OS_enqueue_item
                0x000032f0       0x8c
 i.OS_enqueue_item
                0x000032f0       0x8c C:\Program Files (x86)\Cypress\PSoC Creator\3.1\PSoC Creator\psoc\content\cycomponentlibrary\CyComponentLibrary.cylib\BLE_v1_20\Library\gccCyBLEStack_BLE_SOC_PERIPHERAL.a(mint_os_queue.o)
                0x000032f0                OS_enqueue_item

i.OS_queue_get_num_of_items
                0x0000337c       0x28
 i.OS_queue_get_num_of_items
                0x0000337c       0x28 C:\Program Files (x86)\Cypress\PSoC Creator\3.1\PSoC Creator\psoc\content\cycomponentlibrary\CyComponentLibrary.cylib\BLE_v1_20\Library\gccCyBLEStack_BLE_SOC_PERIPHERAL.a(mint_os_queue.o)
                0x0000337c                OS_queue_get_num_of_items

i.OS_queue_mgmt_init
                0x000033a4       0x40
 i.OS_queue_mgmt_init
                0x000033a4       0x40 C:\Program Files (x86)\Cypress\PSoC Creator\3.1\PSoC Creator\psoc\content\cycomponentlibrary\CyComponentLibrary.cylib\BLE_v1_20\Library\gccCyBLEStack_BLE_SOC_PERIPHERAL.a(mint_os_queue.o)
                0x000033a4                OS_queue_mgmt_init

i.OS_remove_item
                0x000033e4       0xa0
 i.OS_remove_item
                0x000033e4       0xa0 C:\Program Files (x86)\Cypress\PSoC Creator\3.1\PSoC Creator\psoc\content\cycomponentlibrary\CyComponentLibrary.cylib\BLE_v1_20\Library\gccCyBLEStack_BLE_SOC_PERIPHERAL.a(mint_os_queue.o)
                0x000033e4                OS_remove_item

i.OS_create_task
                0x00003484       0x88
 i.OS_create_task
                0x00003484       0x88 C:\Program Files (x86)\Cypress\PSoC Creator\3.1\PSoC Creator\psoc\content\cycomponentlibrary\CyComponentLibrary.cylib\BLE_v1_20\Library\gccCyBLEStack_BLE_SOC_PERIPHERAL.a(mint_os_task.o)
                0x00003484                OS_create_task

i.OS_isr_send_signal_to_task
                0x0000350c        0xc
 i.OS_isr_send_signal_to_task
                0x0000350c        0xc C:\Program Files (x86)\Cypress\PSoC Creator\3.1\PSoC Creator\psoc\content\cycomponentlibrary\CyComponentLibrary.cylib\BLE_v1_20\Library\gccCyBLEStack_BLE_SOC_PERIPHERAL.a(mint_os_task.o)
                0x0000350c                OS_isr_send_signal_to_task

i.OS_scheduler  0x00003518       0x64
 i.OS_scheduler
                0x00003518       0x64 C:\Program Files (x86)\Cypress\PSoC Creator\3.1\PSoC Creator\psoc\content\cycomponentlibrary\CyComponentLibrary.cylib\BLE_v1_20\Library\gccCyBLEStack_BLE_SOC_PERIPHERAL.a(mint_os_task.o)
                0x00003518                OS_scheduler

i.OS_send_signal_to_task
                0x0000357c        0xc
 i.OS_send_signal_to_task
                0x0000357c        0xc C:\Program Files (x86)\Cypress\PSoC Creator\3.1\PSoC Creator\psoc\content\cycomponentlibrary\CyComponentLibrary.cylib\BLE_v1_20\Library\gccCyBLEStack_BLE_SOC_PERIPHERAL.a(mint_os_task.o)
                0x0000357c                OS_send_signal_to_task

i.OS_send_signal_to_task_context
                0x00003588       0x3c
 i.OS_send_signal_to_task_context
                0x00003588       0x3c C:\Program Files (x86)\Cypress\PSoC Creator\3.1\PSoC Creator\psoc\content\cycomponentlibrary\CyComponentLibrary.cylib\BLE_v1_20\Library\gccCyBLEStack_BLE_SOC_PERIPHERAL.a(mint_os_task.o)

i.OS_task_mgmt_init
                0x000035c4       0x50
 i.OS_task_mgmt_init
                0x000035c4       0x50 C:\Program Files (x86)\Cypress\PSoC Creator\3.1\PSoC Creator\psoc\content\cycomponentlibrary\CyComponentLibrary.cylib\BLE_v1_20\Library\gccCyBLEStack_BLE_SOC_PERIPHERAL.a(mint_os_task.o)
                0x000035c4                OS_task_mgmt_init

i.mint_buf_mgmt_allocate_buffer
                0x00003614       0x4c
 i.mint_buf_mgmt_allocate_buffer
                0x00003614       0x4c C:\Program Files (x86)\Cypress\PSoC Creator\3.1\PSoC Creator\psoc\content\cycomponentlibrary\CyComponentLibrary.cylib\BLE_v1_20\Library\gccCyBLEStack_BLE_SOC_PERIPHERAL.a(mint_buf_mgmt.o)
                0x00003614                mint_buf_mgmt_allocate_buffer

i.mint_buf_mgmt_create_pool
                0x00003660       0xd8
 i.mint_buf_mgmt_create_pool
                0x00003660       0xd8 C:\Program Files (x86)\Cypress\PSoC Creator\3.1\PSoC Creator\psoc\content\cycomponentlibrary\CyComponentLibrary.cylib\BLE_v1_20\Library\gccCyBLEStack_BLE_SOC_PERIPHERAL.a(mint_buf_mgmt.o)
                0x00003660                mint_buf_mgmt_create_pool

i.mint_buf_mgmt_free_buffer
                0x00003738       0xa4
 i.mint_buf_mgmt_free_buffer
                0x00003738       0xa4 C:\Program Files (x86)\Cypress\PSoC Creator\3.1\PSoC Creator\psoc\content\cycomponentlibrary\CyComponentLibrary.cylib\BLE_v1_20\Library\gccCyBLEStack_BLE_SOC_PERIPHERAL.a(mint_buf_mgmt.o)
                0x00003738                mint_buf_mgmt_free_buffer

i.mint_buf_mgmt_get_free_heap
                0x000037dc       0x1c
 i.mint_buf_mgmt_get_free_heap
                0x000037dc       0x1c C:\Program Files (x86)\Cypress\PSoC Creator\3.1\PSoC Creator\psoc\content\cycomponentlibrary\CyComponentLibrary.cylib\BLE_v1_20\Library\gccCyBLEStack_BLE_SOC_PERIPHERAL.a(mint_buf_mgmt.o)
                0x000037dc                mint_buf_mgmt_get_free_heap

i.mint_buf_mgmt_init
                0x000037f8       0x44
 i.mint_buf_mgmt_init
                0x000037f8       0x44 C:\Program Files (x86)\Cypress\PSoC Creator\3.1\PSoC Creator\psoc\content\cycomponentlibrary\CyComponentLibrary.cylib\BLE_v1_20\Library\gccCyBLEStack_BLE_SOC_PERIPHERAL.a(mint_buf_mgmt.o)
                0x000037f8                mint_buf_mgmt_init

i.mint_buf_mgmt_malloc
                0x0000383c       0x2c
 i.mint_buf_mgmt_malloc
                0x0000383c       0x2c C:\Program Files (x86)\Cypress\PSoC Creator\3.1\PSoC Creator\psoc\content\cycomponentlibrary\CyComponentLibrary.cylib\BLE_v1_20\Library\gccCyBLEStack_BLE_SOC_PERIPHERAL.a(mint_buf_mgmt.o)
                0x0000383c                mint_buf_mgmt_malloc

i.mint_buf_mgmt_reset_pool
                0x00003868       0x70
 i.mint_buf_mgmt_reset_pool
                0x00003868       0x70 C:\Program Files (x86)\Cypress\PSoC Creator\3.1\PSoC Creator\psoc\content\cycomponentlibrary\CyComponentLibrary.cylib\BLE_v1_20\Library\gccCyBLEStack_BLE_SOC_PERIPHERAL.a(mint_buf_mgmt.o)
                0x00003868                mint_buf_mgmt_reset_pool

i.mint_buf_mgmt_stack_init
                0x000038d8       0x24
 i.mint_buf_mgmt_stack_init
                0x000038d8       0x24 C:\Program Files (x86)\Cypress\PSoC Creator\3.1\PSoC Creator\psoc\content\cycomponentlibrary\CyComponentLibrary.cylib\BLE_v1_20\Library\gccCyBLEStack_BLE_SOC_PERIPHERAL.a(mint_buf_mgmt.o)
                0x000038d8                mint_buf_mgmt_stack_init

i.mint_buf_mgmt_stack_pop
                0x000038fc       0x36
 i.mint_buf_mgmt_stack_pop
                0x000038fc       0x36 C:\Program Files (x86)\Cypress\PSoC Creator\3.1\PSoC Creator\psoc\content\cycomponentlibrary\CyComponentLibrary.cylib\BLE_v1_20\Library\gccCyBLEStack_BLE_SOC_PERIPHERAL.a(mint_buf_mgmt.o)
                0x000038fc                mint_buf_mgmt_stack_pop

i.mint_buf_mgmt_stack_push
                0x00003932       0x36
 i.mint_buf_mgmt_stack_push
                0x00003932       0x36 C:\Program Files (x86)\Cypress\PSoC Creator\3.1\PSoC Creator\psoc\content\cycomponentlibrary\CyComponentLibrary.cylib\BLE_v1_20\Library\gccCyBLEStack_BLE_SOC_PERIPHERAL.a(mint_buf_mgmt.o)
                0x00003932                mint_buf_mgmt_stack_push

i.mint_buf_mgmt_stack_reset
                0x00003968       0x1e
 i.mint_buf_mgmt_stack_reset
                0x00003968       0x1e C:\Program Files (x86)\Cypress\PSoC Creator\3.1\PSoC Creator\psoc\content\cycomponentlibrary\CyComponentLibrary.cylib\BLE_v1_20\Library\gccCyBLEStack_BLE_SOC_PERIPHERAL.a(mint_buf_mgmt.o)
                0x00003968                mint_buf_mgmt_stack_reset

i.mint_buf_mgmt_stack_search_item
                0x00003986       0x30
 i.mint_buf_mgmt_stack_search_item
                0x00003986       0x30 C:\Program Files (x86)\Cypress\PSoC Creator\3.1\PSoC Creator\psoc\content\cycomponentlibrary\CyComponentLibrary.cylib\BLE_v1_20\Library\gccCyBLEStack_BLE_SOC_PERIPHERAL.a(mint_buf_mgmt.o)
                0x00003986                mint_buf_mgmt_stack_search_item

i.mint_buf_mgmt_pl_init
                0x000039b8       0x2c
 i.mint_buf_mgmt_pl_init
                0x000039b8       0x2c C:\Program Files (x86)\Cypress\PSoC Creator\3.1\PSoC Creator\psoc\content\cycomponentlibrary\CyComponentLibrary.cylib\BLE_v1_20\Library\gccCyBLEStack_BLE_SOC_PERIPHERAL.a(mint_buf_mgmt_pl.o)
                0x000039b8                mint_buf_mgmt_pl_init

i.CyBleControllerIP_GetPingState
                0x000039e4        0xc
 i.CyBleControllerIP_GetPingState
                0x000039e4        0xc C:\Program Files (x86)\Cypress\PSoC Creator\3.1\PSoC Creator\psoc\content\cycomponentlibrary\CyComponentLibrary.cylib\BLE_v1_20\Library\gccCyBLEStack_BLE_SOC_PERIPHERAL.a(CyBleControllerIP_Interface.o)
                0x000039e4                CyBleControllerIP_GetPingState

i.CyBleController_AddDeviceToWhiteList
                0x000039f0       0x40
 i.CyBleController_AddDeviceToWhiteList
                0x000039f0       0x40 C:\Program Files (x86)\Cypress\PSoC Creator\3.1\PSoC Creator\psoc\content\cycomponentlibrary\CyComponentLibrary.cylib\BLE_v1_20\Library\gccCyBLEStack_BLE_SOC_PERIPHERAL.a(CyBleControllerIP_Interface.o)
                0x000039f0                CyBleController_AddDeviceToWhiteList

i.CyBleController_EnterLowPowerMode
                0x00003a30       0x2c
 i.CyBleController_EnterLowPowerMode
                0x00003a30       0x2c C:\Program Files (x86)\Cypress\PSoC Creator\3.1\PSoC Creator\psoc\content\cycomponentlibrary\CyComponentLibrary.cylib\BLE_v1_20\Library\gccCyBLEStack_BLE_SOC_PERIPHERAL.a(CyBleControllerIP_Interface.o)
                0x00003a30                CyBleController_EnterLowPowerMode

i.CyBleController_ExitLowPowerMode
                0x00003a5c       0x10
 i.CyBleController_ExitLowPowerMode
                0x00003a5c       0x10 C:\Program Files (x86)\Cypress\PSoC Creator\3.1\PSoC Creator\psoc\content\cycomponentlibrary\CyComponentLibrary.cylib\BLE_v1_20\Library\gccCyBLEStack_BLE_SOC_PERIPHERAL.a(CyBleControllerIP_Interface.o)
                0x00003a5c                CyBleController_ExitLowPowerMode

i.CyBleController_Init
                0x00003a6c       0x3c
 i.CyBleController_Init
                0x00003a6c       0x3c C:\Program Files (x86)\Cypress\PSoC Creator\3.1\PSoC Creator\psoc\content\cycomponentlibrary\CyComponentLibrary.cylib\BLE_v1_20\Library\gccCyBLEStack_BLE_SOC_PERIPHERAL.a(CyBleControllerIP_Interface.o)
                0x00003a6c                CyBleController_Init

i.CyBleController_Reset
                0x00003aa8       0x10
 i.CyBleController_Reset
                0x00003aa8       0x10 C:\Program Files (x86)\Cypress\PSoC Creator\3.1\PSoC Creator\psoc\content\cycomponentlibrary\CyComponentLibrary.cylib\BLE_v1_20\Library\gccCyBLEStack_BLE_SOC_PERIPHERAL.a(CyBleControllerIP_Interface.o)
                0x00003aa8                CyBleController_Reset

i.CyBleController_SetDeviceAddress
                0x00003ab8       0x2e
 i.CyBleController_SetDeviceAddress
                0x00003ab8       0x2e C:\Program Files (x86)\Cypress\PSoC Creator\3.1\PSoC Creator\psoc\content\cycomponentlibrary\CyComponentLibrary.cylib\BLE_v1_20\Library\gccCyBLEStack_BLE_SOC_PERIPHERAL.a(CyBleControllerIP_Interface.o)
                0x00003ab8                CyBleController_SetDeviceAddress

i.CyBleController_Shutdown
                0x00003ae6        0x2
 i.CyBleController_Shutdown
                0x00003ae6        0x2 C:\Program Files (x86)\Cypress\PSoC Creator\3.1\PSoC Creator\psoc\content\cycomponentlibrary\CyComponentLibrary.cylib\BLE_v1_20\Library\gccCyBLEStack_BLE_SOC_PERIPHERAL.a(CyBleControllerIP_Interface.o)
                0x00003ae6                CyBleController_Shutdown

i.CyBle_GetBleSsState
                0x00003ae8       0x10
 i.CyBle_GetBleSsState
                0x00003ae8       0x10 C:\Program Files (x86)\Cypress\PSoC Creator\3.1\PSoC Creator\psoc\content\cycomponentlibrary\CyComponentLibrary.cylib\BLE_v1_20\Library\gccCyBLEStack_BLE_SOC_PERIPHERAL.a(CyBleControllerIP_Interface.o)
                0x00003ae8                CyBle_GetBleSsState

i.CyBle_GetTxPowerLevel
                0x00003af8       0x4e
 i.CyBle_GetTxPowerLevel
                0x00003af8       0x4e C:\Program Files (x86)\Cypress\PSoC Creator\3.1\PSoC Creator\psoc\content\cycomponentlibrary\CyComponentLibrary.cylib\BLE_v1_20\Library\gccCyBLEStack_BLE_SOC_PERIPHERAL.a(CyBleControllerIP_Interface.o)
                0x00003af8                CyBle_GetTxPowerLevel

i.CyBle_SetTxPowerLevel
                0x00003b46       0x56
 i.CyBle_SetTxPowerLevel
                0x00003b46       0x56 C:\Program Files (x86)\Cypress\PSoC Creator\3.1\PSoC Creator\psoc\content\cycomponentlibrary\CyComponentLibrary.cylib\BLE_v1_20\Library\gccCyBLEStack_BLE_SOC_PERIPHERAL.a(CyBleControllerIP_Interface.o)
                0x00003b46                CyBle_SetTxPowerLevel

i.ll_check_and_mark_packet_ready_for_transmission
                0x00003b9c       0x28
 i.ll_check_and_mark_packet_ready_for_transmission
                0x00003b9c       0x28 C:\Program Files (x86)\Cypress\PSoC Creator\3.1\PSoC Creator\psoc\content\cycomponentlibrary\CyComponentLibrary.cylib\BLE_v1_20\Library\gccCyBLEStack_BLE_SOC_PERIPHERAL.a(ll.o)
                0x00003b9c                ll_check_and_mark_packet_ready_for_transmission

i.ll_cleanup_pending_data_pdu
                0x00003bc4       0x38
 i.ll_cleanup_pending_data_pdu
                0x00003bc4       0x38 C:\Program Files (x86)\Cypress\PSoC Creator\3.1\PSoC Creator\psoc\content\cycomponentlibrary\CyComponentLibrary.cylib\BLE_v1_20\Library\gccCyBLEStack_BLE_SOC_PERIPHERAL.a(ll.o)
                0x00003bc4                ll_cleanup_pending_data_pdu

i.ll_enter_dsm_mode
                0x00003bfc      0x1a4
 i.ll_enter_dsm_mode
                0x00003bfc      0x1a4 C:\Program Files (x86)\Cypress\PSoC Creator\3.1\PSoC Creator\psoc\content\cycomponentlibrary\CyComponentLibrary.cylib\BLE_v1_20\Library\gccCyBLEStack_BLE_SOC_PERIPHERAL.a(ll.o)
                0x00003bfc                ll_enter_dsm_mode

i.ll_enter_hibernate_mode
                0x00003da0       0x28
 i.ll_enter_hibernate_mode
                0x00003da0       0x28 C:\Program Files (x86)\Cypress\PSoC Creator\3.1\PSoC Creator\psoc\content\cycomponentlibrary\CyComponentLibrary.cylib\BLE_v1_20\Library\gccCyBLEStack_BLE_SOC_PERIPHERAL.a(ll.o)
                0x00003da0                ll_enter_hibernate_mode

i.ll_enter_sm_mode
                0x00003dc8       0x60
 i.ll_enter_sm_mode
                0x00003dc8       0x60 C:\Program Files (x86)\Cypress\PSoC Creator\3.1\PSoC Creator\psoc\content\cycomponentlibrary\CyComponentLibrary.cylib\BLE_v1_20\Library\gccCyBLEStack_BLE_SOC_PERIPHERAL.a(ll.o)
                0x00003dc8                ll_enter_sm_mode

i.ll_exit_low_power_mode
                0x00003e28       0xac
 i.ll_exit_low_power_mode
                0x00003e28       0xac C:\Program Files (x86)\Cypress\PSoC Creator\3.1\PSoC Creator\psoc\content\cycomponentlibrary\CyComponentLibrary.cylib\BLE_v1_20\Library\gccCyBLEStack_BLE_SOC_PERIPHERAL.a(ll.o)
                0x00003e28                ll_exit_low_power_mode

i.ll_get_ack_status
                0x00003ed4       0x3c
 i.ll_get_ack_status
                0x00003ed4       0x3c C:\Program Files (x86)\Cypress\PSoC Creator\3.1\PSoC Creator\psoc\content\cycomponentlibrary\CyComponentLibrary.cylib\BLE_v1_20\Library\gccCyBLEStack_BLE_SOC_PERIPHERAL.a(ll.o)
                0x00003ed4                ll_get_ack_status

i.ll_get_ack_status_for_all_connections
                0x00003f10       0x34
 i.ll_get_ack_status_for_all_connections
                0x00003f10       0x34 C:\Program Files (x86)\Cypress\PSoC Creator\3.1\PSoC Creator\psoc\content\cycomponentlibrary\CyComponentLibrary.cylib\BLE_v1_20\Library\gccCyBLEStack_BLE_SOC_PERIPHERAL.a(ll.o)
                0x00003f10                ll_get_ack_status_for_all_connections

i.ll_get_adv_ch_tx_power
                0x00003f44       0x20
 i.ll_get_adv_ch_tx_power
                0x00003f44       0x20 C:\Program Files (x86)\Cypress\PSoC Creator\3.1\PSoC Creator\psoc\content\cycomponentlibrary\CyComponentLibrary.cylib\BLE_v1_20\Library\gccCyBLEStack_BLE_SOC_PERIPHERAL.a(ll.o)
                0x00003f44                ll_get_adv_ch_tx_power

i.ll_get_data_channel_map
                0x00003f64       0x24
 i.ll_get_data_channel_map
                0x00003f64       0x24 C:\Program Files (x86)\Cypress\PSoC Creator\3.1\PSoC Creator\psoc\content\cycomponentlibrary\CyComponentLibrary.cylib\BLE_v1_20\Library\gccCyBLEStack_BLE_SOC_PERIPHERAL.a(ll.o)
                0x00003f64                ll_get_data_channel_map

i.ll_get_max_white_list_size
                0x00003f88        0xc
 i.ll_get_max_white_list_size
                0x00003f88        0xc C:\Program Files (x86)\Cypress\PSoC Creator\3.1\PSoC Creator\psoc\content\cycomponentlibrary\CyComponentLibrary.cylib\BLE_v1_20\Library\gccCyBLEStack_BLE_SOC_PERIPHERAL.a(ll.o)
                0x00003f88                ll_get_max_white_list_size

i.ll_get_my_role
                0x00003f94        0xc
 i.ll_get_my_role
                0x00003f94        0xc C:\Program Files (x86)\Cypress\PSoC Creator\3.1\PSoC Creator\psoc\content\cycomponentlibrary\CyComponentLibrary.cylib\BLE_v1_20\Library\gccCyBLEStack_BLE_SOC_PERIPHERAL.a(ll.o)
                0x00003f94                ll_get_my_role

i.ll_get_next_available_fifo_for_data_pdu
                0x00003fa0        0x8
 i.ll_get_next_available_fifo_for_data_pdu
                0x00003fa0        0x8 C:\Program Files (x86)\Cypress\PSoC Creator\3.1\PSoC Creator\psoc\content\cycomponentlibrary\CyComponentLibrary.cylib\BLE_v1_20\Library\gccCyBLEStack_BLE_SOC_PERIPHERAL.a(ll.o)
                0x00003fa0                ll_get_next_available_fifo_for_data_pdu

i.ll_get_next_available_fifo_for_ll_pdu
                0x00003fa8       0x24
 i.ll_get_next_available_fifo_for_ll_pdu
                0x00003fa8       0x24 C:\Program Files (x86)\Cypress\PSoC Creator\3.1\PSoC Creator\psoc\content\cycomponentlibrary\CyComponentLibrary.cylib\BLE_v1_20\Library\gccCyBLEStack_BLE_SOC_PERIPHERAL.a(ll.o)
                0x00003fa8                ll_get_next_available_fifo_for_ll_pdu

i.ll_get_rssi_value
                0x00003fcc       0x26
 i.ll_get_rssi_value
                0x00003fcc       0x26 C:\Program Files (x86)\Cypress\PSoC Creator\3.1\PSoC Creator\psoc\content\cycomponentlibrary\CyComponentLibrary.cylib\BLE_v1_20\Library\gccCyBLEStack_BLE_SOC_PERIPHERAL.a(ll.o)
                0x00003fcc                ll_get_rssi_value

i.ll_get_transmit_power_level
                0x00003ff4       0x2c
 i.ll_get_transmit_power_level
                0x00003ff4       0x2c C:\Program Files (x86)\Cypress\PSoC Creator\3.1\PSoC Creator\psoc\content\cycomponentlibrary\CyComponentLibrary.cylib\BLE_v1_20\Library\gccCyBLEStack_BLE_SOC_PERIPHERAL.a(ll.o)
                0x00003ff4                ll_get_transmit_power_level

i.ll_handle_ack_received
                0x00004020       0x74
 i.ll_handle_ack_received
                0x00004020       0x74 C:\Program Files (x86)\Cypress\PSoC Creator\3.1\PSoC Creator\psoc\content\cycomponentlibrary\CyComponentLibrary.cylib\BLE_v1_20\Library\gccCyBLEStack_BLE_SOC_PERIPHERAL.a(ll.o)
                0x00004020                ll_handle_ack_received

i.ll_handle_add_device_in_whitelist
                0x00004094       0x3a
 i.ll_handle_add_device_in_whitelist
                0x00004094       0x3a C:\Program Files (x86)\Cypress\PSoC Creator\3.1\PSoC Creator\psoc\content\cycomponentlibrary\CyComponentLibrary.cylib\BLE_v1_20\Library\gccCyBLEStack_BLE_SOC_PERIPHERAL.a(ll.o)
                0x00004094                ll_handle_add_device_in_whitelist

i.ll_handle_clear_whitelist
                0x000040ce       0x16
 i.ll_handle_clear_whitelist
                0x000040ce       0x16 C:\Program Files (x86)\Cypress\PSoC Creator\3.1\PSoC Creator\psoc\content\cycomponentlibrary\CyComponentLibrary.cylib\BLE_v1_20\Library\gccCyBLEStack_BLE_SOC_PERIPHERAL.a(ll.o)
                0x000040ce                ll_handle_clear_whitelist

i.ll_handle_encrypt_host_data
                0x000040e4       0x36
 i.ll_handle_encrypt_host_data
                0x000040e4       0x36 C:\Program Files (x86)\Cypress\PSoC Creator\3.1\PSoC Creator\psoc\content\cycomponentlibrary\CyComponentLibrary.cylib\BLE_v1_20\Library\gccCyBLEStack_BLE_SOC_PERIPHERAL.a(ll.o)
                0x000040e4                ll_handle_encrypt_host_data

i.ll_handle_host_data_packet
                0x0000411a       0x54
 i.ll_handle_host_data_packet
                0x0000411a       0x54 C:\Program Files (x86)\Cypress\PSoC Creator\3.1\PSoC Creator\psoc\content\cycomponentlibrary\CyComponentLibrary.cylib\BLE_v1_20\Library\gccCyBLEStack_BLE_SOC_PERIPHERAL.a(ll.o)
                0x0000411a                ll_handle_host_data_packet

i.ll_handle_read_host_channel_map
                0x0000416e        0x4
 i.ll_handle_read_host_channel_map
                0x0000416e        0x4 C:\Program Files (x86)\Cypress\PSoC Creator\3.1\PSoC Creator\psoc\content\cycomponentlibrary\CyComponentLibrary.cylib\BLE_v1_20\Library\gccCyBLEStack_BLE_SOC_PERIPHERAL.a(ll.o)
                0x0000416e                ll_handle_read_host_channel_map

i.ll_handle_remove_device_in_whitelist
                0x00004172       0x2a
 i.ll_handle_remove_device_in_whitelist
                0x00004172       0x2a C:\Program Files (x86)\Cypress\PSoC Creator\3.1\PSoC Creator\psoc\content\cycomponentlibrary\CyComponentLibrary.cylib\BLE_v1_20\Library\gccCyBLEStack_BLE_SOC_PERIPHERAL.a(ll.o)
                0x00004172                ll_handle_remove_device_in_whitelist

i.ll_handle_reset
                0x0000419c        0xe
 i.ll_handle_reset
                0x0000419c        0xe C:\Program Files (x86)\Cypress\PSoC Creator\3.1\PSoC Creator\psoc\content\cycomponentlibrary\CyComponentLibrary.cylib\BLE_v1_20\Library\gccCyBLEStack_BLE_SOC_PERIPHERAL.a(ll.o)
                0x0000419c                ll_handle_reset

i.ll_handle_set_random_address
                0x000041aa       0x36
 i.ll_handle_set_random_address
                0x000041aa       0x36 C:\Program Files (x86)\Cypress\PSoC Creator\3.1\PSoC Creator\psoc\content\cycomponentlibrary\CyComponentLibrary.cylib\BLE_v1_20\Library\gccCyBLEStack_BLE_SOC_PERIPHERAL.a(ll.o)
                0x000041aa                ll_handle_set_random_address

i.ll_init       0x000041e0       0x18
 i.ll_init      0x000041e0       0x18 C:\Program Files (x86)\Cypress\PSoC Creator\3.1\PSoC Creator\psoc\content\cycomponentlibrary\CyComponentLibrary.cylib\BLE_v1_20\Library\gccCyBLEStack_BLE_SOC_PERIPHERAL.a(ll.o)
                0x000041e0                ll_init

i.ll_initialize_device_attributes
                0x000041f8       0x4c
 i.ll_initialize_device_attributes
                0x000041f8       0x4c C:\Program Files (x86)\Cypress\PSoC Creator\3.1\PSoC Creator\psoc\content\cycomponentlibrary\CyComponentLibrary.cylib\BLE_v1_20\Library\gccCyBLEStack_BLE_SOC_PERIPHERAL.a(ll.o)
                0x000041f8                ll_initialize_device_attributes

i.ll_is_pkt_pending
                0x00004244       0x2a
 i.ll_is_pkt_pending
                0x00004244       0x2a C:\Program Files (x86)\Cypress\PSoC Creator\3.1\PSoC Creator\psoc\content\cycomponentlibrary\CyComponentLibrary.cylib\BLE_v1_20\Library\gccCyBLEStack_BLE_SOC_PERIPHERAL.a(ll.o)
                0x00004244                ll_is_pkt_pending

i.ll_is_sent_pkt_pending
                0x0000426e       0x1a
 i.ll_is_sent_pkt_pending
                0x0000426e       0x1a C:\Program Files (x86)\Cypress\PSoC Creator\3.1\PSoC Creator\psoc\content\cycomponentlibrary\CyComponentLibrary.cylib\BLE_v1_20\Library\gccCyBLEStack_BLE_SOC_PERIPHERAL.a(ll.o)
                0x0000426e                ll_is_sent_pkt_pending

i.ll_isr_exit_low_power_mode
                0x00004288       0x16
 i.ll_isr_exit_low_power_mode
                0x00004288       0x16 C:\Program Files (x86)\Cypress\PSoC Creator\3.1\PSoC Creator\psoc\content\cycomponentlibrary\CyComponentLibrary.cylib\BLE_v1_20\Library\gccCyBLEStack_BLE_SOC_PERIPHERAL.a(ll.o)
                0x00004288                ll_isr_exit_low_power_mode

i.ll_load_host_data_packet
                0x0000429e       0x4a
 i.ll_load_host_data_packet
                0x0000429e       0x4a C:\Program Files (x86)\Cypress\PSoC Creator\3.1\PSoC Creator\psoc\content\cycomponentlibrary\CyComponentLibrary.cylib\BLE_v1_20\Library\gccCyBLEStack_BLE_SOC_PERIPHERAL.a(ll.o)
                0x0000429e                ll_load_host_data_packet

i.ll_load_packet_to_fifo
                0x000042e8       0x6e
 i.ll_load_packet_to_fifo
                0x000042e8       0x6e C:\Program Files (x86)\Cypress\PSoC Creator\3.1\PSoC Creator\psoc\content\cycomponentlibrary\CyComponentLibrary.cylib\BLE_v1_20\Library\gccCyBLEStack_BLE_SOC_PERIPHERAL.a(ll.o)
                0x000042e8                ll_load_packet_to_fifo

i.ll_process_acks
                0x00004356       0x3c
 i.ll_process_acks
                0x00004356       0x3c C:\Program Files (x86)\Cypress\PSoC Creator\3.1\PSoC Creator\psoc\content\cycomponentlibrary\CyComponentLibrary.cylib\BLE_v1_20\Library\gccCyBLEStack_BLE_SOC_PERIPHERAL.a(ll.o)
                0x00004356                ll_process_acks

i.ll_reset      0x00004392       0x12
 i.ll_reset     0x00004392       0x12 C:\Program Files (x86)\Cypress\PSoC Creator\3.1\PSoC Creator\psoc\content\cycomponentlibrary\CyComponentLibrary.cylib\BLE_v1_20\Library\gccCyBLEStack_BLE_SOC_PERIPHERAL.a(ll.o)
                0x00004392                ll_reset

i.ll_update_active_features
                0x000043a4       0x58
 i.ll_update_active_features
                0x000043a4       0x58 C:\Program Files (x86)\Cypress\PSoC Creator\3.1\PSoC Creator\psoc\content\cycomponentlibrary\CyComponentLibrary.cylib\BLE_v1_20\Library\gccCyBLEStack_BLE_SOC_PERIPHERAL.a(ll.o)
                0x000043a4                ll_update_active_features

i.ll_update_device_fsm
                0x000043fc        0x8
 i.ll_update_device_fsm
                0x000043fc        0x8 C:\Program Files (x86)\Cypress\PSoC Creator\3.1\PSoC Creator\psoc\content\cycomponentlibrary\CyComponentLibrary.cylib\BLE_v1_20\Library\gccCyBLEStack_BLE_SOC_PERIPHERAL.a(ll.o)
                0x000043fc                ll_update_device_fsm

i.pf_le_start_timer
                0x00004404       0x16
 i.pf_le_start_timer
                0x00004404       0x16 C:\Program Files (x86)\Cypress\PSoC Creator\3.1\PSoC Creator\psoc\content\cycomponentlibrary\CyComponentLibrary.cylib\BLE_v1_20\Library\gccCyBLEStack_BLE_SOC_PERIPHERAL.a(ll.o)
                0x00004404                pf_le_start_timer

i.pf_le_stop_timer
                0x0000441a       0x12
 i.pf_le_stop_timer
                0x0000441a       0x12 C:\Program Files (x86)\Cypress\PSoC Creator\3.1\PSoC Creator\psoc\content\cycomponentlibrary\CyComponentLibrary.cylib\BLE_v1_20\Library\gccCyBLEStack_BLE_SOC_PERIPHERAL.a(ll.o)
                0x0000441a                pf_le_stop_timer

i.CyBleControllerIP_TuneAdvEventInterPktSlots
                0x0000442c       0x44
 i.CyBleControllerIP_TuneAdvEventInterPktSlots
                0x0000442c       0x44 C:\Program Files (x86)\Cypress\PSoC Creator\3.1\PSoC Creator\psoc\content\cycomponentlibrary\CyComponentLibrary.cylib\BLE_v1_20\Library\gccCyBLEStack_BLE_SOC_PERIPHERAL.a(ll_advertiser.o)
                0x0000442c                CyBleControllerIP_TuneAdvEventInterPktSlots

i.ll_adv_is_configured_connection_adv
                0x00004470       0x1e
 i.ll_adv_is_configured_connection_adv
                0x00004470       0x1e C:\Program Files (x86)\Cypress\PSoC Creator\3.1\PSoC Creator\psoc\content\cycomponentlibrary\CyComponentLibrary.cylib\BLE_v1_20\Library\gccCyBLEStack_BLE_SOC_PERIPHERAL.a(ll_advertiser.o)
                0x00004470                ll_adv_is_configured_connection_adv

i.ll_check_random_address_in_use_by_advertiser
                0x0000448e       0x10
 i.ll_check_random_address_in_use_by_advertiser
                0x0000448e       0x10 C:\Program Files (x86)\Cypress\PSoC Creator\3.1\PSoC Creator\psoc\content\cycomponentlibrary\CyComponentLibrary.cylib\BLE_v1_20\Library\gccCyBLEStack_BLE_SOC_PERIPHERAL.a(ll_advertiser.o)
                0x0000448e                ll_check_random_address_in_use_by_advertiser

i.ll_check_whitelist_in_use_by_advertiser
                0x0000449e       0x10
 i.ll_check_whitelist_in_use_by_advertiser
                0x0000449e       0x10 C:\Program Files (x86)\Cypress\PSoC Creator\3.1\PSoC Creator\psoc\content\cycomponentlibrary\CyComponentLibrary.cylib\BLE_v1_20\Library\gccCyBLEStack_BLE_SOC_PERIPHERAL.a(ll_advertiser.o)
                0x0000449e                ll_check_whitelist_in_use_by_advertiser

i.ll_get_adv_status
                0x000044ae        0xc
 i.ll_get_adv_status
                0x000044ae        0xc C:\Program Files (x86)\Cypress\PSoC Creator\3.1\PSoC Creator\psoc\content\cycomponentlibrary\CyComponentLibrary.cylib\BLE_v1_20\Library\gccCyBLEStack_BLE_SOC_PERIPHERAL.a(ll_advertiser.o)
                0x000044ae                ll_get_adv_status

i.ll_get_adv_type
                0x000044ba       0x16
 i.ll_get_adv_type
                0x000044ba       0x16 C:\Program Files (x86)\Cypress\PSoC Creator\3.1\PSoC Creator\psoc\content\cycomponentlibrary\CyComponentLibrary.cylib\BLE_v1_20\Library\gccCyBLEStack_BLE_SOC_PERIPHERAL.a(ll_advertiser.o)
                0x000044ba                ll_get_adv_type

i.ll_handle_adv_intr
                0x000044d0       0x50
 i.ll_handle_adv_intr
                0x000044d0       0x50 C:\Program Files (x86)\Cypress\PSoC Creator\3.1\PSoC Creator\psoc\content\cycomponentlibrary\CyComponentLibrary.cylib\BLE_v1_20\Library\gccCyBLEStack_BLE_SOC_PERIPHERAL.a(ll_advertiser.o)
                0x000044d0                ll_handle_adv_intr

i.ll_handle_set_adv_data
                0x00004520       0x14
 i.ll_handle_set_adv_data
                0x00004520       0x14 C:\Program Files (x86)\Cypress\PSoC Creator\3.1\PSoC Creator\psoc\content\cycomponentlibrary\CyComponentLibrary.cylib\BLE_v1_20\Library\gccCyBLEStack_BLE_SOC_PERIPHERAL.a(ll_advertiser.o)
                0x00004520                ll_handle_set_adv_data

i.ll_handle_set_adv_parameters
                0x00004534       0x84
 i.ll_handle_set_adv_parameters
                0x00004534       0x84 C:\Program Files (x86)\Cypress\PSoC Creator\3.1\PSoC Creator\psoc\content\cycomponentlibrary\CyComponentLibrary.cylib\BLE_v1_20\Library\gccCyBLEStack_BLE_SOC_PERIPHERAL.a(ll_advertiser.o)
                0x00004534                ll_handle_set_adv_parameters

i.ll_handle_set_advertise_enable
                0x000045b8       0x70
 i.ll_handle_set_advertise_enable
                0x000045b8       0x70 C:\Program Files (x86)\Cypress\PSoC Creator\3.1\PSoC Creator\psoc\content\cycomponentlibrary\CyComponentLibrary.cylib\BLE_v1_20\Library\gccCyBLEStack_BLE_SOC_PERIPHERAL.a(ll_advertiser.o)
                0x000045b8                ll_handle_set_advertise_enable

i.ll_handle_set_scan_resp_data
                0x00004628       0x14
 i.ll_handle_set_scan_resp_data
                0x00004628       0x14 C:\Program Files (x86)\Cypress\PSoC Creator\3.1\PSoC Creator\psoc\content\cycomponentlibrary\CyComponentLibrary.cylib\BLE_v1_20\Library\gccCyBLEStack_BLE_SOC_PERIPHERAL.a(ll_advertiser.o)
                0x00004628                ll_handle_set_scan_resp_data

i.ll_init_advertiser
                0x0000463c       0x68
 i.ll_init_advertiser
                0x0000463c       0x68 C:\Program Files (x86)\Cypress\PSoC Creator\3.1\PSoC Creator\psoc\content\cycomponentlibrary\CyComponentLibrary.cylib\BLE_v1_20\Library\gccCyBLEStack_BLE_SOC_PERIPHERAL.a(ll_advertiser.o)
                0x0000463c                ll_init_advertiser

i.is_le_connection_handle
                0x000046a4       0x28
 i.is_le_connection_handle
                0x000046a4       0x28 C:\Program Files (x86)\Cypress\PSoC Creator\3.1\PSoC Creator\psoc\content\cycomponentlibrary\CyComponentLibrary.cylib\BLE_v1_20\Library\gccCyBLEStack_BLE_SOC_PERIPHERAL.a(ll_connection.o)
                0x000046a4                is_le_connection_handle

i.le_assign_connection_handle
                0x000046cc       0x28
 i.le_assign_connection_handle
                0x000046cc       0x28 C:\Program Files (x86)\Cypress\PSoC Creator\3.1\PSoC Creator\psoc\content\cycomponentlibrary\CyComponentLibrary.cylib\BLE_v1_20\Library\gccCyBLEStack_BLE_SOC_PERIPHERAL.a(ll_connection.o)
                0x000046cc                le_assign_connection_handle

i.le_get_connection_index
                0x000046f4        0x6
 i.le_get_connection_index
                0x000046f4        0x6 C:\Program Files (x86)\Cypress\PSoC Creator\3.1\PSoC Creator\psoc\content\cycomponentlibrary\CyComponentLibrary.cylib\BLE_v1_20\Library\gccCyBLEStack_BLE_SOC_PERIPHERAL.a(ll_connection.o)
                0x000046f4                le_get_connection_index

i.ll_allocate_connection
                0x000046fc       0x44
 i.ll_allocate_connection
                0x000046fc       0x44 C:\Program Files (x86)\Cypress\PSoC Creator\3.1\PSoC Creator\psoc\content\cycomponentlibrary\CyComponentLibrary.cylib\BLE_v1_20\Library\gccCyBLEStack_BLE_SOC_PERIPHERAL.a(ll_connection.o)
                0x000046fc                ll_allocate_connection

i.ll_calculate_and_program_def_win_widen_drift
                0x00004740       0x14
 i.ll_calculate_and_program_def_win_widen_drift
                0x00004740       0x14 C:\Program Files (x86)\Cypress\PSoC Creator\3.1\PSoC Creator\psoc\content\cycomponentlibrary\CyComponentLibrary.cylib\BLE_v1_20\Library\gccCyBLEStack_BLE_SOC_PERIPHERAL.a(ll_connection.o)
                0x00004740                ll_calculate_and_program_def_win_widen_drift

i.ll_calculate_drift
                0x00004754       0x2c
 i.ll_calculate_drift
                0x00004754       0x2c C:\Program Files (x86)\Cypress\PSoC Creator\3.1\PSoC Creator\psoc\content\cycomponentlibrary\CyComponentLibrary.cylib\BLE_v1_20\Library\gccCyBLEStack_BLE_SOC_PERIPHERAL.a(ll_connection.o)
                0x00004754                ll_calculate_drift

i.ll_check_and_decrypt_ll_pdu
                0x00004780       0x68
 i.ll_check_and_decrypt_ll_pdu
                0x00004780       0x68 C:\Program Files (x86)\Cypress\PSoC Creator\3.1\PSoC Creator\psoc\content\cycomponentlibrary\CyComponentLibrary.cylib\BLE_v1_20\Library\gccCyBLEStack_BLE_SOC_PERIPHERAL.a(ll_connection.o)
                0x00004780                ll_check_and_decrypt_ll_pdu

i.ll_check_and_decrypt_packet
                0x000047e8       0x6a
 i.ll_check_and_decrypt_packet
                0x000047e8       0x6a C:\Program Files (x86)\Cypress\PSoC Creator\3.1\PSoC Creator\psoc\content\cycomponentlibrary\CyComponentLibrary.cylib\BLE_v1_20\Library\gccCyBLEStack_BLE_SOC_PERIPHERAL.a(ll_connection.o)
                0x000047e8                ll_check_and_decrypt_packet

i.ll_check_and_encrypt_ll_pdu
                0x00004852       0x72
 i.ll_check_and_encrypt_ll_pdu
                0x00004852       0x72 C:\Program Files (x86)\Cypress\PSoC Creator\3.1\PSoC Creator\psoc\content\cycomponentlibrary\CyComponentLibrary.cylib\BLE_v1_20\Library\gccCyBLEStack_BLE_SOC_PERIPHERAL.a(ll_connection.o)
                0x00004852                ll_check_and_encrypt_ll_pdu

i.ll_check_and_encrypt_packet
                0x000048c4       0x8a
 i.ll_check_and_encrypt_packet
                0x000048c4       0x8a C:\Program Files (x86)\Cypress\PSoC Creator\3.1\PSoC Creator\psoc\content\cycomponentlibrary\CyComponentLibrary.cylib\BLE_v1_20\Library\gccCyBLEStack_BLE_SOC_PERIPHERAL.a(ll_connection.o)
                0x000048c4                ll_check_and_encrypt_packet

i.ll_check_for_allowing_incoming_connection_update
                0x0000494e       0x42
 i.ll_check_for_allowing_incoming_connection_update
                0x0000494e       0x42 C:\Program Files (x86)\Cypress\PSoC Creator\3.1\PSoC Creator\psoc\content\cycomponentlibrary\CyComponentLibrary.cylib\BLE_v1_20\Library\gccCyBLEStack_BLE_SOC_PERIPHERAL.a(ll_connection.o)
                0x0000494e                ll_check_for_allowing_incoming_connection_update

i.ll_check_if_pdu_is_loaded_to_hardware
                0x00004990       0x1c
 i.ll_check_if_pdu_is_loaded_to_hardware
                0x00004990       0x1c C:\Program Files (x86)\Cypress\PSoC Creator\3.1\PSoC Creator\psoc\content\cycomponentlibrary\CyComponentLibrary.cylib\BLE_v1_20\Library\gccCyBLEStack_BLE_SOC_PERIPHERAL.a(ll_connection.o)
                0x00004990                ll_check_if_pdu_is_loaded_to_hardware

i.ll_check_random_address_in_use_by_initiator
                0x000049ac       0x30
 i.ll_check_random_address_in_use_by_initiator
                0x000049ac       0x30 C:\Program Files (x86)\Cypress\PSoC Creator\3.1\PSoC Creator\psoc\content\cycomponentlibrary\CyComponentLibrary.cylib\BLE_v1_20\Library\gccCyBLEStack_BLE_SOC_PERIPHERAL.a(ll_connection.o)
                0x000049ac                ll_check_random_address_in_use_by_initiator

i.ll_check_white_list_in_use_by_initiator
                0x000049dc       0x30
 i.ll_check_white_list_in_use_by_initiator
                0x000049dc       0x30 C:\Program Files (x86)\Cypress\PSoC Creator\3.1\PSoC Creator\psoc\content\cycomponentlibrary\CyComponentLibrary.cylib\BLE_v1_20\Library\gccCyBLEStack_BLE_SOC_PERIPHERAL.a(ll_connection.o)
                0x000049dc                ll_check_white_list_in_use_by_initiator

i.ll_conn_free_enc_txn_buffer
                0x00004a0c       0x16
 i.ll_conn_free_enc_txn_buffer
                0x00004a0c       0x16 C:\Program Files (x86)\Cypress\PSoC Creator\3.1\PSoC Creator\psoc\content\cycomponentlibrary\CyComponentLibrary.cylib\BLE_v1_20\Library\gccCyBLEStack_BLE_SOC_PERIPHERAL.a(ll_connection.o)
                0x00004a0c                ll_conn_free_enc_txn_buffer

i.ll_conn_fsm_update_channel_state
                0x00004a22        0x6
 i.ll_conn_fsm_update_channel_state
                0x00004a22        0x6 C:\Program Files (x86)\Cypress\PSoC Creator\3.1\PSoC Creator\psoc\content\cycomponentlibrary\CyComponentLibrary.cylib\BLE_v1_20\Library\gccCyBLEStack_BLE_SOC_PERIPHERAL.a(ll_connection.o)
                0x00004a22                ll_conn_fsm_update_channel_state

i.ll_conn_fsm_update_conn_update_state
                0x00004a28        0x6
 i.ll_conn_fsm_update_conn_update_state
                0x00004a28        0x6 C:\Program Files (x86)\Cypress\PSoC Creator\3.1\PSoC Creator\psoc\content\cycomponentlibrary\CyComponentLibrary.cylib\BLE_v1_20\Library\gccCyBLEStack_BLE_SOC_PERIPHERAL.a(ll_connection.o)
                0x00004a28                ll_conn_fsm_update_conn_update_state

i.ll_conn_fsm_update_enc_state